[mt4g] Starting Benchmarks on AMD Instinct MI210
[L1] Starting Benchmarks
[L1] Latency
[Timing] l1Latency took 0.134614 s
[L1] Fetch Granularity
[Timing] l1FetchGranularity took 0.0566199 s
[L1] Size
[L1 Size] Trying Boundaries: 14848 - 34304
[L1 Size] Start measuring 77 steps

[L1 Size] Done.
[Timing] l1CacheSize took 0.06 s
[L1] Line Size
Final adjusted & sorted ranking (pivots excluded):
  OuterKey 64 -> score 130.38
  OuterKey 96 -> score 70368.99
  OuterKey 128 -> score 70368.99
  OuterKey 160 -> score 70368.99
  OuterKey 192 -> score 70368.99
  OuterKey 224 -> score 70368.99
  OuterKey 256 -> score 70368.99
[Timing] l1LineSize took 0.03 s
[L1] Miss Penalty
[Timing] l1MissPenalty took 0.00 s
[L1] Amount
Error: Base or Test Core timings are zero, indicating an error in the measurement.
[Timing] l1Amount took 0.00 s
Could not measure valid L1 Amount, skipping L1 Amount benchmark.
[L1] Read Bandwidth per CU / MultiProcessor with optimal search
[Timing] amd_l1ReadBandwidthBlocksweep took 0.04 s
[L1] Write Bandwidth per CU / MultiProcessor with optimal search
[Timing] amd_l1WriteBandwidthBlocksweep took 0.04 s
[L1] Benchmarks finished

===== Timing Summary =====
  l1Latency: 0.13 s
  l1FetchGranularity: 0.06 s
  l1CacheSize: 0.06 s
  l1LineSize: 0.03 s
  l1MissPenalty: 0.00 s
  l1Amount: 0.00 s
  amd_l1ReadBandwidthBlocksweep: 0.04 s
  amd_l1WriteBandwidthBlocksweep: 0.04 s
  Sum of individual benchmarks: 0.36 s
  Total execution time: 3.98 s (0.07 min)
[Graphs] Generating bandwidth plots
[plot_bandwidth] wrote results/AMD_Instinct_MI210/AMD_Instinct_MI210__vL1d_read_bandwidth.png
[plot_bandwidth] wrote results/AMD_Instinct_MI210/AMD_Instinct_MI210__vL1d_write_bandwidth.png
[plot_bandwidth] generated 2 figure(s) into results/AMD_Instinct_MI210
