[  1%] Building CXX object CMakeFiles/mt4g.dir/src/benchmarks/amount/amd_scalarL1Amount.cpp.o
[  3%] Building CXX object CMakeFiles/mt4g.dir/src/benchmarks/amount/l1Amount.cpp.o
[  4%] Building CXX object CMakeFiles/mt4g.dir/src/benchmarks/amount/nvidia_readOnlyAmount.cpp.o
[  5%] Building CXX object CMakeFiles/mt4g.dir/src/benchmarks/amount/nvidia_constantL1Amount.cpp.o
[  9%] Building CXX object CMakeFiles/mt4g.dir/src/benchmarks/amount/nvidia_textureAmount.cpp.o
[  9%] Building CXX object CMakeFiles/mt4g.dir/src/benchmarks/bandwidth/amd_l1ReadBandwidthBlocksweep.cpp.o
[ 14%] Building CXX object CMakeFiles/mt4g.dir/src/benchmarks/bandwidth/amd_l3ReadBandwidth.cpp.o
[ 14%] Building CXX object CMakeFiles/mt4g.dir/src/benchmarks/bandwidth/amd_l3WriteBandwidth.cpp.o
[ 14%] Building CXX object CMakeFiles/mt4g.dir/src/benchmarks/bandwidth/amd_sL1WriteBandwidth.cpp.o
[ 19%] Building CXX object CMakeFiles/mt4g.dir/src/benchmarks/bandwidth/amd_l1WriteBandwidthBlocksweep.cpp.o
[ 19%] Building CXX object CMakeFiles/mt4g.dir/src/benchmarks/bandwidth/l2WriteBandwidth.cpp.o
[ 19%] Building CXX object CMakeFiles/mt4g.dir/src/benchmarks/bandwidth/l1ReadBandwidth.cpp.o
[ 19%] Building CXX object CMakeFiles/mt4g.dir/src/benchmarks/bandwidth/amd_sL1ReadBandwidth.cpp.o
[ 27%] Building CXX object CMakeFiles/mt4g.dir/src/benchmarks/bandwidth/nvidia_textureReadBandwidth.cpp.o
[ 27%] Building CXX object CMakeFiles/mt4g.dir/src/benchmarks/bandwidth/l1WriteBandwidth.cpp.o
[ 27%] Building CXX object CMakeFiles/mt4g.dir/src/benchmarks/bandwidth/nvidia_constantL15ReadBandwidth.cpp.o
[ 27%] Building CXX object CMakeFiles/mt4g.dir/src/benchmarks/bandwidth/nvidia_constantL1ReadBandwidth.cpp.o
[ 27%] Building CXX object CMakeFiles/mt4g.dir/src/benchmarks/bandwidth/mainMemoryWriteBandwidth.cpp.o
[ 27%] Building CXX object CMakeFiles/mt4g.dir/src/benchmarks/bandwidth/sharedReadBandwidth.cpp.o
[ 27%] Building CXX object CMakeFiles/mt4g.dir/src/benchmarks/bandwidth/l2ReadBandwidth.cpp.o
[ 38%] Building CXX object CMakeFiles/mt4g.dir/src/benchmarks/latency/mainMemoryLatency.cpp.o
[ 34%] Building CXX object CMakeFiles/mt4g.dir/src/benchmarks/bandwidth/sharedReadBandwidthStatic.cpp.o
[ 34%] Building CXX object CMakeFiles/mt4g.dir/src/benchmarks/bandwidth/nvidia_readOnlyReadBandwidth.cpp.o
[ 34%] Building CXX object CMakeFiles/mt4g.dir/src/benchmarks/bandwidth/sharedWriteBandwidthStatic.cpp.o
[ 34%] Building CXX object CMakeFiles/mt4g.dir/src/benchmarks/bandwidth/mainMemoryReadBandwidth.cpp.o
[ 39%] Building CXX object CMakeFiles/mt4g.dir/src/benchmarks/latency/amd_scalarL1Latency.cpp.o
[ 39%] Building CXX object CMakeFiles/mt4g.dir/src/benchmarks/departureDelay/departureDelay.cpp.o
[ 39%] Building CXX object CMakeFiles/mt4g.dir/src/benchmarks/difference/nvidia_differenceL1L2.cpp.o
[ 39%] Building CXX object CMakeFiles/mt4g.dir/src/benchmarks/bandwidth/sharedWriteBandwidth.cpp.o
[ 39%] Building CXX object CMakeFiles/mt4g.dir/src/benchmarks/latency/amd_l3Latency.cpp.o
[ 39%] Building CXX object CMakeFiles/mt4g.dir/src/benchmarks/latency/l1Latency.cpp.o
[ 39%] Building CXX object CMakeFiles/mt4g.dir/src/benchmarks/latency/l2Latency.cpp.o
[ 46%] Building CXX object CMakeFiles/mt4g.dir/src/benchmarks/latency/sharedLatency.cpp.o
[ 44%] Building CXX object CMakeFiles/mt4g.dir/src/benchmarks/latency/nvidia_constantL15Latency.cpp.o
[ 50%] Building CXX object CMakeFiles/mt4g.dir/src/benchmarks/missPenalty/amd_l3MissPenalty.cpp.o
[ 48%] Building CXX object CMakeFiles/mt4g.dir/src/benchmarks/latency/nvidia_textureLatency.cpp.o
[ 51%] Building CXX object CMakeFiles/mt4g.dir/src/benchmarks/missPenalty/amd_scalarL1MissPenalty.cpp.o
[ 52%] Building CXX object CMakeFiles/mt4g.dir/src/benchmarks/missPenalty/l2MissPenalty.cpp.o
[ 48%] Building CXX object CMakeFiles/mt4g.dir/src/benchmarks/latency/nvidia_readOnlyLatency.cpp.o
[ 48%] Building CXX object CMakeFiles/mt4g.dir/src/benchmarks/latency/nvidia_constantL1Latency.cpp.o
[ 52%] Building CXX object CMakeFiles/mt4g.dir/src/benchmarks/missPenalty/nvidia_constantL1MissPenalty.cpp.o
[ 52%] Building CXX object CMakeFiles/mt4g.dir/src/benchmarks/missPenalty/l1MissPenalty.cpp.o
[ 57%] Building CXX object CMakeFiles/mt4g.dir/src/benchmarks/share/amd_cuShareScalarL1.cpp.o
[ 53%] Building CXX object CMakeFiles/mt4g.dir/src/benchmarks/missPenalty/nvidia_textureMissPenalty.cpp.o
[ 53%] Building CXX object CMakeFiles/mt4g.dir/src/benchmarks/missPenalty/nvidia_readOnlyMissPenalty.cpp.o
[ 60%] Building CXX object CMakeFiles/mt4g.dir/src/benchmarks/share/nvidia_smShareConstantL15.cpp.o
[ 60%] Building CXX object CMakeFiles/mt4g.dir/src/benchmarks/share/nvidia_readOnlySharedWithL1.cpp.o
[ 67%] Building CXX object CMakeFiles/mt4g.dir/src/benchmarks/share/nvidia_textureSharedWithReadOnly.cpp.o
[ 65%] Building CXX object CMakeFiles/mt4g.dir/src/benchmarks/share/nvidia_constantL1SharedWithL1.cpp.o
[ 65%] Building CXX object CMakeFiles/mt4g.dir/src/benchmarks/share/amd_cuShareScalarL1logicalIds.cpp.o
[ 72%] Building CXX object CMakeFiles/mt4g.dir/src/benchmarks/size/cacheSize/l2SegmentSize.cpp.o
[ 72%] Building CXX object CMakeFiles/mt4g.dir/src/benchmarks/share/nvidia_textureSharedWithL1.cpp.o
[ 72%] Building CXX object CMakeFiles/mt4g.dir/src/benchmarks/size/cacheSize/nvidia_constantL15CacheSize.cpp.o
[ 72%] Building CXX object CMakeFiles/mt4g.dir/src/benchmarks/size/cacheSize/l1CacheSize.cpp.o
[ 72%] Building CXX object CMakeFiles/mt4g.dir/src/benchmarks/size/cacheSize/amd_scalarL1CacheSize.cpp.o
[ 76%] Building CXX object CMakeFiles/mt4g.dir/src/benchmarks/size/fetchGranularity/l1FetchGranularity.cpp.o
[ 84%] Building CXX object CMakeFiles/mt4g.dir/src/benchmarks/size/fetchGranularity/l2FetchGranularity.cpp.o
[ 84%] Building CXX object CMakeFiles/mt4g.dir/src/benchmarks/size/lineSize/amd_scalarL1LineSize.cpp.o
[ 83%] Building CXX object CMakeFiles/mt4g.dir/src/benchmarks/size/cacheSize/nvidia_constantL1CacheSize.cpp.o
[ 83%] Building CXX object CMakeFiles/mt4g.dir/src/benchmarks/size/fetchGranularity/amd_scalarL1FetchGranularity.cpp.o
[ 83%] Building CXX object CMakeFiles/mt4g.dir/src/benchmarks/size/fetchGranularity/amd_l3FetchGranularity.cpp.o
[ 83%] Building CXX object CMakeFiles/mt4g.dir/src/benchmarks/size/cacheSize/nvidia_textureCacheSize.cpp.o
[ 83%] Building CXX object CMakeFiles/mt4g.dir/src/benchmarks/size/cacheSize/nvidia_readOnlyCacheSize.cpp.o
[ 85%] Building CXX object CMakeFiles/mt4g.dir/src/benchmarks/size/fetchGranularity/nvidia_textureFetchGranularity.cpp.o
[ 85%] Building CXX object CMakeFiles/mt4g.dir/src/benchmarks/size/fetchGranularity/nvidia_constantL1FetchGranularity.cpp.o
[ 85%] Building CXX object CMakeFiles/mt4g.dir/src/benchmarks/size/fetchGranularity/nvidia_constantL15FetchGranularity.cpp.o
[ 85%] Building CXX object CMakeFiles/mt4g.dir/src/benchmarks/size/lineSize/nvidia_constantL15LineSize.cpp.o
[ 85%] Building CXX object CMakeFiles/mt4g.dir/src/benchmarks/size/lineSize/l1LineSize.cpp.o
[ 85%] Building CXX object CMakeFiles/mt4g.dir/src/benchmarks/size/fetchGranularity/nvidia_readOnlyFetchGranularity.cpp.o
[ 88%] Building CXX object CMakeFiles/mt4g.dir/src/benchmarks/size/lineSize/nvidia_textureLineSize.cpp.o
[ 88%] Building CXX object CMakeFiles/mt4g.dir/src/benchmarks/size/lineSize/l2LineSize.cpp.o
[ 92%] Building CXX object CMakeFiles/mt4g.dir/src/typedef/disjointSet.cpp.o
[ 91%] Building CXX object CMakeFiles/mt4g.dir/src/benchmarks/size/lineSize/nvidia_readOnlyLineSize.cpp.o
[ 91%] Building CXX object CMakeFiles/mt4g.dir/src/benchmarks/size/lineSize/nvidia_constantL1LineSize.cpp.o
[ 94%] Building CXX object CMakeFiles/mt4g.dir/src/typedef/threadPool.cpp.o
[ 94%] Building CXX object CMakeFiles/mt4g.dir/src/main.cpp.o
[ 96%] Building CXX object CMakeFiles/mt4g.dir/src/utils/binarySearch.cpp.o
[ 96%] Building CXX object CMakeFiles/mt4g.dir/src/utils/heuristic.cpp.o
[ 97%] Building CXX object CMakeFiles/mt4g.dir/src/utils/printing.cpp.o
[ 98%] Building CXX object CMakeFiles/mt4g.dir/src/utils/runner.cpp.o
[ 98%] Building CXX object CMakeFiles/mt4g.dir/src/utils/tools.cpp.o
[ 98%] Building CXX object CMakeFiles/mt4g.dir/src/utils/statistics.cpp.o
[ 98%] Building CXX object CMakeFiles/mt4g.dir/src/utils/translation.cpp.o
In file included from /home/ge95wuc2/mt4g/src/benchmarks/size/fetchGranularity/l2FetchGranularity.cpp:1:
In file included from /home/ge95wuc2/mt4g/src/utils/util.hpp:In file included from In file included from 28In file included from In file included from In file included from In file included from In file included from In file included from In file included from /home/ge95wuc2/mt4g/src/benchmarks/size/cacheSize/l2SegmentSize.cpp/home/ge95wuc2/mt4g/src/typedef/disjointSet.cpp:
/home/ge95wuc2/mt4g/src/benchmarks/size/fetchGranularity/l1FetchGranularity.cpp:In file included from :1/home/ge95wuc2/mt4g/src/benchmarks/size/fetchGranularity/nvidia_textureFetchGranularity.cpp/home/ge95wuc2/mt4g/src/utils/hip/helpers.hpp1::
/home/ge95wuc2/mt4g/src/benchmarks/size/fetchGranularity/nvidia_readOnlyFetchGranularity.cpp:/home/ge95wuc2/mt4g/src/benchmarks/size/lineSize/l2LineSize.cpp::
/home/ge95wuc2/mt4g/src/utils/statistics.cpp1In file included from /home/ge95wuc2/mt4g/src/utils/heuristic.cpp:/home/ge95wuc2/mt4g/src/utils/tools.cpp1:6In file included from ::
/home/ge95wuc2/mt4g/src/utils/util.hpp:1::
1:
/home/ge95wuc2/mt4g/src/utils/util.hpp21In file included from :1:
1In file included from :
/home/ge95wuc2/mt4g/src/utils/hip/runtime.hpp::
/home/ge95wuc2/mt4g/src/utils/util.hpp28:
In file included from :
/home/ge95wuc2/mt4g/src/utils/util.hppIn file included from :28In file included from ::
In file included from /home/ge95wuc2/mt4g/src/utils/util.hppIn file included from :/home/ge95wuc2/mt4g/src/utils/util.hpp182:
/home/ge95wuc2/mt4g/src/utils/util.hpp28In file included from /home/ge95wuc2/mt4g/src/utils/util.hpp:/home/ge95wuc2/mt4g/src/utils/util.hpp28::In file included from ::
/home/ge95wuc2/mt4g/src/utils/hip/helpers.hpp:28::
2822/home/ge95wuc2/mt4g/src/utils/hip/helpers.hppIn file included from 28In file included from :28:
28In file included from :
::/home/ge95wuc2/mt4g/src/benchmarks/size/fetchGranularity/nvidia_constantL1FetchGranularity.cpp:
In file included from /home/ge95wuc2/mt4g/src/utils/hip/helpers.hpp:6:
In file included from :
/home/ge95wuc2/mt4g/src/utils/hip/helpers.hppIn file included from  6:/home/ge95wuc2/mt4g/src/utils/hip/helpers.hpp6:
In file included from /home/ge95wuc2/mt4g/src/utils/hip/helpers.hppIn file included from :/home/ge95wuc2/mt4g/src/utils/hip/helpers.hppwarning: :
1:6:
In file included from /home/ge95wuc2/mt4g/src/utils/hip/runtime.hpp/home/ge95wuc2/mt4g/src/utils/hip/helpers.hpp:/home/ge95wuc2/mt4g/src/utils/hip/helpers.hpp6:unused variable 'cuIdx' [-Wunused-variable]/home/ge95wuc2/mt4g/src/utils/hip/runtime.hpp:
:
/home/ge95wuc2/mt4g/src/utils/hip/runtime.hpp/home/ge95wuc2/mt4g/src/utils/translation.cpp::6::
6
:In file included from /home/ge95wuc2/mt4g/src/utils/hip/runtime.hpp::1826:
6/home/ge95wuc2/mt4g/src/utils/hip/runtime.hpp:
182/home/ge95wuc2/mt4g/src/utils/util.hpp:182  1821::
/home/ge95wuc2/mt4g/src/utils/hip/runtime.hpp:
:/home/ge95wuc2/mt4g/src/utils/hip/runtime.hpp:::22182::
22/home/ge95wuc2/mt4g/src/utils/hip/runtime.hpp:/home/ge95wuc2/mt4g/src/utils/hip/runtime.hpp182:2228:  | 22In file included from ::182::182::
warning:  :/home/ge95wuc2/mt4g/src/utils/util.hpp 182:18222: In file included from unused variable 'cuIdx' [-Wunused-variable]
  :warning: :22::22warning: /home/ge95wuc2/mt4g/src/utils/hip/helpers.hpp warning:   28unused variable 'cuIdx' [-Wunused-variable]22:22 :unused variable 'cuIdx' [-Wunused-variable]: unused variable 'cuIdx' [-Wunused-variable]182 | :

: :warning:  
6 
 In file included from    warning:  unused variable 'cuIdx' [-Wunused-variable]warning: :
    /home/ge95wuc2/mt4g/src/utils/hip/helpers.hpp  warning: 182unused variable 'cuIdx' [-Wunused-variable]warning: 
unused variable 'cuIdx' [-Wunused-variable]/home/ge95wuc2/mt4g/src/utils/hip/runtime.hpp   182  :182unused variable 'cuIdx' [-Wunused-variable] | 
unused variable 'cuIdx' [-Wunused-variable]
: 182 |  6 | 
 
  182f   |   :
  182  :  o182   /home/ge95wuc2/mt4g/src/utils/hip/runtime.hpp   | 18222182r |    :    | : |     f182      (   o:    warning:  i   rIn file included from 22    unused variable 'cuIdx' [-Wunused-variable] n    /home/ge95wuc2/mt4g/src/utils/binarySearch.cpp:    
 t   (i:  f     3  fn9warning: fo   182 | 2 fot:
unused variable 'cuIdx' [-Wunused-variable]or     _ or3In file included from 
r f   tfr 2/home/ge95wuc2/mt4g/src/utils/util.hpp   (off  o (_:(i182ir cr(oti28on | n  u ir n:
rt t(  I(n ctIn file included from  3 3ifodit(u3/home/ge95wuc2/mt4g/src/utils/hip/helpers.hpp(2 2nrxn3iI2:i_ _t ( t2nd_6nt t3in:3_txt:
t   2t3 2t3  /home/ge95wuc2/mt4g/src/utils/hip/runtime.hpp3c c_2_c_ 2: c:2u utt utc_cu182_IfI cuI utuI:tdodcIddcI Id22 xrxux xudcdx:c   I: sIxux  u:(:dcu)d Is:warning: I i xId x:d) unused variable 'cuIdx' [-Wunused-variable]dcnc xs{  x c
xutu:) 
:c {u I  3I {
       u:
I:d1822dc      | | cI       d x | _xu                     ^~~~~
                     ^~~~~udc| xcs tsI
Ixu                     ^~~~~su)  )ddsI
)I  c xx)d d{ u{ss x{x
 I
)){s
s       d        
)      )|  x| {{       |                       ^~~~~                       ^~~~~

| {                     ^~~~~{
f:
                                 ^~~~~


o | | 
            rc                     ^~~~~                     ^~~~~| |  u

                     ^~~~~                     ^~~~~(IIn file included from 

id/home/ge95wuc2/mt4g/src/benchmarks/size/fetchGranularity/nvidia_constantL15FetchGranularity.cppnx:ts13):
2 In file included from _{/home/ge95wuc2/mt4g/src/utils/util.hppt
:       28c| :
u                     ^~~~~In file included from I
/home/ge95wuc2/mt4g/src/utils/hip/helpers.hppd:x6 :
:/home/ge95wuc2/mt4g/src/utils/hip/runtime.hpp :c182u:I22d:x swarning: )unused variable 'cuIdx' [-Wunused-variable] 
{
        | 182                     ^~~~~ | 
        for (int32_t cuIdx : cuIdxs) {
      |                      ^~~~~
In file included from /home/ge95wuc2/mt4g/src/benchmarks/size/fetchGranularity/amd_l3FetchGranularity.cpp:1:
In file included from /home/ge95wuc2/mt4g/src/utils/util.hpp:28:
In file included from /home/ge95wuc2/mt4g/src/utils/hip/helpers.hpp:6:
/home/ge95wuc2/mt4g/src/utils/hip/runtime.hpp:182:22: warning: unused variable 'cuIdx' [-Wunused-variable]
  182 |         for (int32_t cuIdx : cuIdxs) {
      |                      ^~~~~
In file included from /home/ge95wuc2/mt4g/src/benchmarks/size/fetchGranularity/amd_scalarL1FetchGranularity.cpp:1:
In file included from /home/ge95wuc2/mt4g/src/utils/util.hpp:28:
In file included from /home/ge95wuc2/mt4g/src/utils/hip/helpers.hpp:6:
/home/ge95wuc2/mt4g/src/utils/hip/runtime.hpp:182:22: warning: unused variable 'cuIdx' [-Wunused-variable]
  182 |         for (int32_t cuIdx : cuIdxs) {
      |                      ^~~~~
In file included from /home/ge95wuc2/mt4g/src/benchmarks/latency/amd_l3Latency.cpp:2:
In file included from /home/ge95wuc2/mt4g/src/utils/util.hpp:28:
In file included from /home/ge95wuc2/mt4g/src/utils/hip/helpers.hpp:6:
/home/ge95wuc2/mt4g/src/utils/hip/runtime.hpp:182:22: warning: unused variable 'cuIdx' [-Wunused-variable]
  182 |         for (int32_t cuIdx : cuIdxs) {
      |                      ^~~~~
In file included from /home/ge95wuc2/mt4g/src/benchmarks/latency/l1Latency.cpp:2:
In file included from In file included from /home/ge95wuc2/mt4g/src/utils/util.hppIn file included from /home/ge95wuc2/mt4g/src/benchmarks/latency/sharedLatency.cpp:/home/ge95wuc2/mt4g/src/benchmarks/latency/nvidia_textureLatency.cpp:28:2:
2:
In file included from :
In file included from /home/ge95wuc2/mt4g/src/utils/hip/helpers.hppIn file included from /home/ge95wuc2/mt4g/src/utils/util.hppIn file included from :/home/ge95wuc2/mt4g/src/utils/util.hpp:/home/ge95wuc2/mt4g/src/benchmarks/amount/nvidia_textureAmount.cpp6:28::
28:
7/home/ge95wuc2/mt4g/src/utils/hip/runtime.hpp:
In file included from :
:In file included from /home/ge95wuc2/mt4g/src/utils/hip/helpers.hpp/home/ge95wuc2/mt4g/src/utils/hip/helpers.hppIn file included from 182::/home/ge95wuc2/mt4g/src/utils/util.hpp:66:2822:
:
:
In file included from :/home/ge95wuc2/mt4g/src/utils/hip/runtime.hpp/home/ge95wuc2/mt4g/src/utils/hip/runtime.hpp/home/ge95wuc2/mt4g/src/utils/hip/helpers.hpp: ::6warning: 182182:
unused variable 'cuIdx' [-Wunused-variable]::/home/ge95wuc2/mt4g/src/utils/hip/runtime.hpp
2222::  :182 182 :22warning:  | warning: :unused variable 'cuIdx' [-Wunused-variable] unused variable 'cuIdx' [-Wunused-variable] 
 
warning:    unused variable 'cuIdx' [-Wunused-variable]
   182182    |  | 182 |              f   o   r       f(  oiffr noo(trri3  nt2((3_ii2_tnnt tt c33In file included from cuu22/home/ge95wuc2/mt4g/src/benchmarks/bandwidth/l1ReadBandwidth.cppII__:ddtt2xx  :
 : ccIn file included from  :uu/home/ge95wuc2/mt4g/src/utils/util.hppcu II:Icdd28dxuxx:
s)I  In file included from  d: :/home/ge95wuc2/mt4g/src/utils/hip/helpers.hpp{xc :
suc6      | )Iu:
                     ^~~~~ dI/home/ge95wuc2/mt4g/src/utils/hip/runtime.hpp
{xd:
s)x182       s:| {)22                     ^~~~~
 :
      { | 
warning:                      ^~~~~
      unused variable 'cuIdx' [-Wunused-variable]| 
                     ^~~~~
  182 |         for (int32_t cuIdx : cuIdxs) {
      |                      ^~~~~
In file included from /home/ge95wuc2/mt4g/src/benchmarks/bandwidth/l1WriteBandwidth.cpp:2:
In file included from /home/ge95wuc2/mt4g/src/utils/util.hpp:28:
In file included from /home/ge95wuc2/mt4g/src/utils/hip/helpers.hpp:6:
/home/ge95wuc2/mt4g/src/utils/hip/runtime.hpp:182:22: warning: unused variable 'cuIdx' [-Wunused-variable]
  182 |         for (int32_t cuIdx : cuIdxs) {
      |                      ^~~~~
In file included from /home/ge95wuc2/mt4g/src/benchmarks/bandwidth/nvidia_constantL1ReadBandwidth.cpp:2:
In file included from /home/ge95wuc2/mt4g/src/utils/util.hpp:28:
In file included from /home/ge95wuc2/mt4g/src/utils/hip/helpers.hpp:6:
/home/ge95wuc2/mt4g/src/utils/hip/runtime.hpp:182:22: warning: unused variable 'cuIdx' [-Wunused-variable]
  182 |         for (int32_t cuIdx : cuIdxs) {
      |                      ^~~~~
In file included from /home/ge95wuc2/mt4g/src/benchmarks/bandwidth/amd_sL1ReadBandwidth.cpp:2:
In file included from /home/ge95wuc2/mt4g/src/utils/util.hpp:28:
In file included from /home/ge95wuc2/mt4g/src/utils/hip/helpers.hpp:6:
/home/ge95wuc2/mt4g/src/utils/hip/runtime.hpp:182:22: warning: unused variable 'cuIdx' [-Wunused-variable]
  182 |         for (int32_In file included from t/home/ge95wuc2/mt4g/src/benchmarks/bandwidth/amd_sL1WriteBandwidth.cpp :cu2Id:
xIn file included from  /home/ge95wuc2/mt4g/src/utils/util.hpp:In file included from : /home/ge95wuc2/mt4g/src/benchmarks/latency/mainMemoryLatency.cpp28cu:In file included from :
In file included from I2/home/ge95wuc2/mt4g/src/benchmarks/latency/nvidia_constantL1Latency.cpp/home/ge95wuc2/mt4g/src/utils/hip/helpers.hppd:
::xsIn file included from 26) /home/ge95wuc2/mt4g/src/utils/util.hpp:
:
{:In file included from /home/ge95wuc2/mt4g/src/utils/hip/runtime.hppIn file included from 
28/home/ge95wuc2/mt4g/src/utils/util.hpp:/home/ge95wuc2/mt4g/src/benchmarks/bandwidth/sharedWriteBandwidthStatic.cpp      :
:182:| In file included from 28:2                     ^~~~~/home/ge95wuc2/mt4g/src/utils/hip/helpers.hpp:
22:

:In file included from :In file included from 6/home/ge95wuc2/mt4g/src/utils/hip/helpers.hpp /home/ge95wuc2/mt4g/src/utils/util.hpp:
:warning: :/home/ge95wuc2/mt4g/src/utils/hip/runtime.hpp6unused variable 'cuIdx' [-Wunused-variable]28::

:
182/home/ge95wuc2/mt4g/src/utils/hip/runtime.hppIn file included from :  :/home/ge95wuc2/mt4g/src/utils/hip/helpers.hpp22182182:In file included from : | :6/home/ge95wuc2/mt4g/src/benchmarks/bandwidth/l2ReadBandwidth.cpp  In file included from 22:
:warning:    In file included from /home/ge95wuc2/mt4g/src/benchmarks/bandwidth/mainMemoryWriteBandwidth.cpp:/home/ge95wuc2/mt4g/src/utils/hip/runtime.hpp2unused variable 'cuIdx' [-Wunused-variable] /home/ge95wuc2/mt4g/src/benchmarks/bandwidth/amd_l3WriteBandwidth.cpp: ::

 :2warning: 182In file included from    2:
unused variable 'cuIdx' [-Wunused-variable]:/home/ge95wuc2/mt4g/src/utils/util.hpp 182:
In file included from In file included from 
22:f | In file included from /home/ge95wuc2/mt4g/src/benchmarks/bandwidth/nvidia_textureReadBandwidth.cpp/home/ge95wuc2/mt4g/src/utils/util.hpp:  28o /home/ge95wuc2/mt4g/src/utils/util.hpp:: 182:
r :228warning:  | In file included from   28:
:
unused variable 'cuIdx' [-Wunused-variable] /home/ge95wuc2/mt4g/src/utils/hip/helpers.hpp( :
In file included from In file included from 
 :i In file included from /home/ge95wuc2/mt4g/src/utils/util.hpp/home/ge95wuc2/mt4g/src/utils/hip/helpers.hpp   6n /home/ge95wuc2/mt4g/src/utils/hip/helpers.hpp:: 182:
t :286  | /home/ge95wuc2/mt4g/src/utils/hip/runtime.hpp3 6:
:
  :2f:
In file included from /home/ge95wuc2/mt4g/src/utils/hip/runtime.hpp  182_o/home/ge95wuc2/mt4g/src/utils/hip/runtime.hpp/home/ge95wuc2/mt4g/src/utils/hip/helpers.hpp:  :tr::182f 22  1826:o :c(::
22r  ui22/home/ge95wuc2/mt4g/src/utils/hip/runtime.hpp:  warning: In:: ( unused variable 'cuIdx' [-Wunused-variable]dxt warning: 182if
 3warning: unused variable 'cuIdx' [-Wunused-variable]:o  :2nunused variable 'cuIdx' [-Wunused-variable]
22r182 _t
:    | ct3In file included from  (  182 u 2/home/ge95wuc2/mt4g/src/benchmarks/latency/nvidia_readOnlyLatency.cppwarning: i182 |  Ic_:unused variable 'cuIdx' [-Wunused-variable]n |   dut2
t   xI :
3     sdcIn file included from 2182   )xu/home/ge95wuc2/mt4g/src/utils/util.hpp_ |      I:t    {:d28    f
 x:
c   o      c In file included from u  fr| u:/home/ge95wuc2/mt4g/src/utils/hip/helpers.hppI fo                      ^~~~~I :d or(
dc6x r ixu:
   (nsI/home/ge95wuc2/mt4g/src/utils/hip/runtime.hpp:f(it)d: oin3 x182crnt2{s:u t3_
)22I(32t       :di2In file included from _ | { xn_/home/ge95wuc2/mt4g/src/benchmarks/bandwidth/mainMemoryReadBandwidth.cpptc                     ^~~~~
warning: stt: u
      unused variable 'cuIdx' [-Wunused-variable])3 In file included from 2cIIn file included from | 
 2c/home/ge95wuc2/mt4g/src/benchmarks/bandwidth/amd_l3ReadBandwidth.cpp:
ud/home/ge95wuc2/mt4g/src/benchmarks/amount/l1Amount.cpp                     ^~~~~{  _u:In file included from Ix:

182tI2/home/ge95wuc2/mt4g/src/utils/util.hppdIn file included from  8:
In file included from        |  d:
:x/home/ge95wuc2/mt4g/src/benchmarks/latency/l2Latency.cpp:/home/ge95wuc2/mt4g/src/utils/util.hpp|  cxIn file included from 28 : :                     ^~~~~ u /home/ge95wuc2/mt4g/src/utils/util.hpp:
:2c28
 I::In file included from  :
u:
In file included from  d cuIdxs) {
28/home/ge95wuc2/mt4g/src/utils/hip/helpers.hpp:cIn file included from I/home/ge95wuc2/mt4g/src/utils/hip/helpers.hpp x      :
6u/home/ge95wuc2/mt4g/src/utils/util.hppd:  | In file included from :
I:x6 :                     ^~~~~/home/ge95wuc2/mt4g/src/utils/hip/helpers.hpp/home/ge95wuc2/mt4g/src/utils/hip/runtime.hppd28s:
  
::x:
In file included from )/home/ge95wuc2/mt4g/src/utils/hip/runtime.hppfc6182sIn file included from /home/ge95wuc2/mt4g/src/benchmarks/bandwidth/l2WriteBandwidth.cpp :ou:
:)/home/ge95wuc2/mt4g/src/utils/hip/helpers.hpp:{182rI/home/ge95wuc2/mt4g/src/utils/hip/runtime.hpp22 :2
: d:182:{6:
      22(x: 
:
In file included from | :is22warning:       /home/ge95wuc2/mt4g/src/utils/hip/runtime.hpp/home/ge95wuc2/mt4g/src/utils/util.hpp                     ^~~~~ n):unused variable 'cuIdx' [-Wunused-variable]| ::
warning: t  
                     ^~~~~18228unused variable 'cuIdx' [-Wunused-variable]
3{warning: 
:  :
  2
unused variable 'cuIdx' [-Wunused-variable]22182In file included from 182 |  :       |  /home/ge95wuc2/mt4g/src/utils/hip/helpers.hpp _| 
  :warning: t                     ^~~~~    6unused variable 'cuIdx' [-Wunused-variable] 
 182 :

c  |  /home/ge95wuc2/mt4g/src/utils/hip/runtime.hppIn file included from u     :/home/ge95wuc2/mt4g/src/benchmarks/bandwidth/nvidia_readOnlyReadBandwidth.cppI  182 182:d   | f:2x    o22:
 f   r:In file included from :o    /home/ge95wuc2/mt4g/src/utils/util.hpp rf In file included from (warning: :c o /home/ge95wuc2/mt4g/src/benchmarks/amount/nvidia_constantL1Amount.cppinunused variable 'cuIdx' [-Wunused-variable]28u(r :t
:
Ii  832In file included from   dn( :
_t/home/ge95wuc2/mt4g/src/utils/hip/helpers.hpp182xtifIn file included from  : | s32_no/home/ge95wuc2/mt4g/src/utils/util.hppc6 )ttr:uI:
   3 28d/home/ge95wuc2/mt4g/src/utils/hip/runtime.hpp {c2(:
In file included from x: 
u_i/home/ge95wuc2/mt4g/src/utils/hip/helpers.hpp :182       Itn: : | d t6c22                      ^~~~~xc3:
uI: 
 u2/home/ge95wuc2/mt4g/src/utils/hip/runtime.hppdx f:I_:swarning: o dt182) unused variable 'cuIdx' [-Wunused-variable]rcx :{

 uI c22      | (  d:u:                     ^~~~~i182x I 
n | scdwarning: t )uxunused variable 'cuIdx' [-Wunused-variable]3  I 
2 {d:_   
x t182       |                      ^~~~~
sc  |  )uc   Iu  {dI f
xd o      | sx r                     ^~~~~)   
 : ({  i
cfn      uort| I 3                     ^~~~~d(2
xi_snt)t  3c{2u
_I      td|  x                     ^~~~~c 
u:I dcxu I:d xcsu)I d{x
s      )|                       ^~~~~{
      
|                      ^~~~~
In file included from /home/ge95wuc2/mt4g/src/benchmarks/bandwidth/sharedReadBandwidthStatic.cpp:2:
In file included from /home/ge95wuc2/mt4g/src/utils/util.hpp:28:
In file included from /home/ge95wuc2/mt4g/src/utils/hip/helpers.hpp:6:
/home/ge95wuc2/mt4g/src/utils/hip/runtime.hpp:182:22: warning: unused variable 'cuIdx' [-Wunused-variable]
  182 |         for (int32_t cuIdx : cuIdxs) {
      |                      ^~~~~
In file included from /home/ge95wuc2/mt4g/src/benchmarks/missPenalty/amd_l3MissPenalty.cpp:2:
In file included from /home/ge95wuc2/mt4g/src/utils/util.hpp:28:
In file included from /home/ge95wuc2/mt4g/src/utils/hip/helpers.hpp:6:
/home/ge95wuc2/mt4g/src/utils/hip/runtime.hpp:182:22: warning: unused variable 'cuIdx' [-Wunused-variable]
  182 |         for (int32_t cuIdx : cuIdxs) {
      |                      ^~~~~
In file included from /home/ge95wuc2/mt4g/src/benchmarks/size/lineSize/nvidia_textureLineSize.cpp:2:
In file included from /home/ge95wuc2/mt4g/src/utils/util.hpp:28:
In file included from /home/ge95wuc2/mt4g/src/utils/hip/helpers.hpp:6:
/home/ge95wuc2/mt4g/src/utils/hip/runtime.hpp:182:22: warning: unused variable 'cuIdx' [-Wunused-variable]
  182 |         for (int32_t cuIdx : cuIdxs) {
      |                      ^~~~~
In file included from /home/ge95wuc2/mt4g/src/benchmarks/bandwidth/sharedWriteBandwidth.cpp:2:
In file included from /home/ge95wuc2/mt4g/src/utils/util.hpp:28:
In file included from /home/ge95wuc2/mt4g/src/utils/hip/helpers.hpp:6:
/home/ge95wuc2/mt4g/src/utils/hip/runtime.hpp:182:22: warning: unused variable 'cuIdx' [-Wunused-variable]
  182 |         for (int32_t cuIdx : cuIdxs) {
      |                      ^~~~~
In file included from /home/ge95wuc2/mt4g/src/benchmarks/size/cacheSize/amd_scalarL1CacheSize.cpp:4:
In file included from /home/ge95wuc2/mt4g/src/utils/util.hpp:28:
In file included from /home/ge95wuc2/mt4g/src/utils/hip/helpers.hpp:6:
/home/ge95wuc2/mt4g/src/utils/hip/runtime.hpp:182:22: warning: unused variable 'cuIdx' [-Wunused-variable]
  182 |         for (int32_t cuIdx : cuIdxs) {
      |                      ^~~~~
In file included from /home/ge95wuc2/mt4g/src/benchmarks/share/nvidia_readOnlySharedWithL1.cpp:5:
In file included from /home/ge95wuc2/mt4g/src/utils/util.hpp:28:
In file included from /home/ge95wuc2/mt4g/src/utils/hip/helpers.hpp:6:
/home/ge95wuc2/mt4g/src/utils/hip/runtime.hpp:182:22: warning: unused variable 'cuIdx' [-Wunused-variable]
  182 |         for (int32_t cuIdx : cuIdxs) {
      |                      ^~~~~
In file included from /home/ge95wuc2/mt4g/src/utils/runner.cpp:3:
In file included from /home/ge95wuc2/mt4g/src/utils/util.hpp:28:
In file included from /home/ge95wuc2/mt4g/src/utils/hip/helpers.hpp:6:
/home/ge95wuc2/mt4g/src/utils/hip/runtime.hpp:182:22: warning: unused variable 'cuIdx' [-Wunused-variable]
  182 |         for (int32_t cuIdx : cuIdxs) {
      |                      ^~~~~
In file included from /home/ge95wuc2/mt4g/src/benchmarks/bandwidth/amd_l1ReadBandwidthBlocksweep.cpp:2:
In file included from /home/ge95wuc2/mt4g/src/utils/util.hpp:28:
In file included from /home/ge95wuc2/mt4g/src/utils/hip/helpers.hpp:6:
/home/ge95wuc2/mt4g/src/utils/hip/runtime.hpp:182:22: warning: unused variable 'cuIdx' [-Wunused-variable]
  182 |         for (int32_t cuIdx : cuIdxs) {
      |                      ^~~~~
In file included from /home/ge95wuc2/mt4g/src/benchmarks/difference/nvidia_differenceL1L2.cpp:2:
In file included from /home/ge95wuc2/mt4g/src/utils/util.hpp:28:
In file included from /home/ge95wuc2/mt4g/src/utils/hip/helpers.hpp:6:
/home/ge95wuc2/mt4g/src/utils/hip/runtime.hpp:182In file included from :/home/ge95wuc2/mt4g/src/benchmarks/share/amd_cuShareScalarL1.cpp22:: 8warning: :
unused variable 'cuIdx' [-Wunused-variable]
In file included from /home/ge95wuc2/mt4g/src/utils/util.hpp:28:
In file included from   /home/ge95wuc2/mt4g/src/utils/hip/helpers.hpp182 | :  6  :
  /home/ge95wuc2/mt4g/src/utils/hip/runtime.hpp  :f182or: (22i:In file included from n /home/ge95wuc2/mt4g/src/benchmarks/latency/amd_scalarL1Latency.cpptwarning: :32unused variable 'cuIdx' [-Wunused-variable]2_t
:
 In file included from   c/home/ge95wuc2/mt4g/src/utils/util.hpp182u: | Id28 In file included from x :
 /home/ge95wuc2/mt4g/src/benchmarks/share/amd_cuShareScalarL1logicalIds.cpp:In file included from  : /home/ge95wuc2/mt4g/src/utils/hip/helpers.hpp 11cu: :
Id6 In file included from x:
 /home/ge95wuc2/mt4g/src/utils/util.hpps/home/ge95wuc2/mt4g/src/utils/hip/runtime.hpp :):f28 182o:
{
:rIn file included from       22 /home/ge95wuc2/mt4g/src/utils/hip/helpers.hpp| :(:                     ^~~~~ i6
warning: n:
unused variable 'cuIdx' [-Wunused-variable]t/home/ge95wuc2/mt4g/src/utils/hip/runtime.hpp
3:In file included from 2  182/home/ge95wuc2/mt4g/src/benchmarks/missPenalty/nvidia_readOnlyMissPenalty.cpp_182::t | 225  ::
c  In file included from u warning: /home/ge95wuc2/mt4g/src/utils/util.hppI In file included from unused variable 'cuIdx' [-Wunused-variable]:d /home/ge95wuc2/mt4g/src/benchmarks/missPenalty/nvidia_textureMissPenalty.cpp
28x ::
    5In file included from 182: :
/home/ge95wuc2/mt4g/src/utils/hip/helpers.hpp |  fIn file included from : co/home/ge95wuc2/mt4g/src/utils/util.hpp6 ur::
 I 28/home/ge95wuc2/mt4g/src/utils/hip/runtime.hpp d(:
: xiIn file included from 182 sn/home/ge95wuc2/mt4g/src/utils/hip/helpers.hpp: )t:22  36:f{2:
 o
_/home/ge95wuc2/mt4g/src/utils/hip/runtime.hppwarning: r      t:unused variable 'cuIdx' [-Wunused-variable] |  182
(                     ^~~~~c:i  
u22n182I:t | d 3 xwarning: 2  unused variable 'cuIdx' [-Wunused-variable]_ :
t      cc182 uu |  II  dd fxx os  r): In file included from     /home/ge95wuc2/mt4g/src/benchmarks/share/nvidia_textureSharedWithReadOnly.cpp:({c 5:
i
u In file included from n      If/home/ge95wuc2/mt4g/src/utils/util.hppt| do:3                     ^~~~~xr282
s :
_)(In file included from t i/home/ge95wuc2/mt4g/src/utils/hip/helpers.hpp {n:6c
t:
u      3/home/ge95wuc2/mt4g/src/utils/hip/runtime.hppI| 2:182d                     ^~~~~_:22x
t:   warning: :cunused variable 'cuIdx' [-Wunused-variable] u
cIu  dI182xd |  x  :s  ) c  u{ I
  d      fx| os                     ^~~~~r)
  (i{n
t3      2_| t                      ^~~~~cu
Idx : cuIdxs) {
      |                      ^~~~~
In file included from /home/ge95wuc2/mt4g/src/benchmarks/size/lineSize/l1LineSize.cpp:2:
In file included from /home/ge95wuc2/mt4g/src/utils/util.hpp:28:
In file included from /home/ge95wuc2/mt4g/src/utils/hip/helpers.hpp:6:
/home/ge95wuc2/mt4g/src/utils/hip/runtime.hpp:182:22: warning: unused variable 'cuIdx' [-Wunused-variable]
  182 |         for (int32_t cuIdx : cuIdxs) {
      |                      ^~~~~
In file included from /home/ge95wuc2/mt4g/src/benchmarks/size/lineSize/amd_scalarL1LineSize.cpp:2:
In file included from /home/ge95wuc2/mt4g/src/utils/util.hpp:28:
In file included from /home/ge95wuc2/mt4g/src/utils/hip/helpers.hpp:6:
/home/ge95wuc2/mt4g/src/utils/hip/runtime.hpp:182:22: warning: unused variable 'cuIdx' [-Wunused-variable]
  182 |         for (int32_t cuIdx : cuIdxs) {
      |                      ^~~~~
In file included from /home/ge95wuc2/mt4g/src/benchmarks/latency/nvidia_constantL15Latency.cpp:2:
In file included from /home/ge95wuc2/mt4g/src/utils/util.hpp:28:
In file included from /home/ge95wuc2/mt4g/src/utils/hip/helpers.hpp:6:
/home/ge95wuc2/mt4g/src/utils/hip/runtime.hpp:182:22: warning: unused variable 'cuIdx' [-Wunused-variable]
  182 |     In file included from  /home/ge95wuc2/mt4g/src/benchmarks/missPenalty/amd_scalarL1MissPenalty.cpp : 2:
 In file included from f/home/ge95wuc2/mt4g/src/utils/util.hpp:o28r:
 In file included from (/home/ge95wuc2/mt4g/src/utils/hip/helpers.hppi:n6t:
3/home/ge95wuc2/mt4g/src/utils/hip/runtime.hppIn file included from 2:/home/ge95wuc2/mt4g/src/benchmarks/missPenalty/l1MissPenalty.cpp_182:t:5 22:
c:In file included from u /home/ge95wuc2/mt4g/src/utils/util.hppIwarning: :dunused variable 'cuIdx' [-Wunused-variable]28x
:
 In file included from   :/home/ge95wuc2/mt4g/src/utils/hip/helpers.hpp182 : | c6 u:
 I/home/ge95wuc2/mt4g/src/utils/hip/runtime.hpp d: x182 s: )22  : { f
warning: o      unused variable 'cuIdx' [-Wunused-variable]r| 
                      ^~~~~  (
182i | n t 3 2 _ t   c ufIodrx  (:i nctuI3d2x_st)  c{u
I      | d                     ^~~~~x
 : cuIdxs) {
      |                      ^~~~~
In file included from /home/ge95wuc2/mt4g/src/benchmarks/size/cacheSize/nvidia_readOnlyCacheSize.cpp:4:
In file included from /home/ge95wuc2/mt4g/src/utils/util.hpp:28:
In file included from /home/ge95wuc2/mt4g/src/utils/hip/helpers.hpp:6:
/home/ge95wuc2/mt4g/src/utils/hip/runtime.hpp:182:22: warning: unused variable 'cuIdx' [-Wunused-variable]
  182 |         for (int32_t cuIdx : cuIdxs) {
      |                      ^~~~~
In file included from /home/ge95wuc2/mt4g/src/benchmarks/size/lineSize/nvidia_readOnlyLineSize.cpp:2:
In file included from /home/ge95wuc2/mt4g/src/utils/util.hpp:28:
In file included from /home/ge95wuc2/mt4g/src/utils/hip/helpers.hpp:6:
/home/ge95wuc2/mt4g/src/utils/hip/runtime.hpp:182In file included from :/home/ge95wuc2/mt4g/src/benchmarks/size/lineSize/nvidia_constantL15LineSize.cpp22::2 :
warning: In file included from unused variable 'cuIdx' [-Wunused-variable]/home/ge95wuc2/mt4g/src/utils/util.hpp
:28:
  In file included from 182/home/ge95wuc2/mt4g/src/utils/hip/helpers.hpp | : 6 :
 /home/ge95wuc2/mt4g/src/utils/hip/runtime.hpp : 182 : 22 :f owarning: runused variable 'cuIdx' [-Wunused-variable] 
(in  t1823 | 2 _ t   c u I d xf o:r  c(uiIndtx3s2)_ t{ 
c      u| I                     ^~~~~d
x : cuIdxs) {
      |                      ^~~~~
In file included from In file included from /home/ge95wuc2/mt4g/src/benchmarks/size/cacheSize/nvidia_constantL1CacheSize.cpp:/home/ge95wuc2/mt4g/src/benchmarks/missPenalty/l2MissPenalty.cpp4:
:5:
In file included from /home/ge95wuc2/mt4g/src/utils/util.hppIn file included from :28/home/ge95wuc2/mt4g/src/utils/util.hpp:
In file included from :/home/ge95wuc2/mt4g/src/utils/hip/helpers.hpp:28:
In file included from /home/ge95wuc2/mt4g/src/utils/hip/helpers.hpp:6:
6/home/ge95wuc2/mt4g/src/utils/hip/runtime.hpp::
182:/home/ge95wuc2/mt4g/src/utils/hip/runtime.hpp22:: 182warning: :unused variable 'cuIdx' [-Wunused-variable]
22:   warning: 182 | unused variable 'cuIdx' [-Wunused-variable] 
    182  |         fo r  (i nt 3f2o_tr  (int32_ctuI dcxu :I cduIxd xs:)  cuIdx{s
)       | {                     ^~~~~

      |                      ^~~~~
In file included from /home/ge95wuc2/mt4g/src/benchmarks/share/nvidia_textureSharedWithL1.cpp:5:
In file included from /home/ge95wuc2/mt4g/src/utils/util.hpp:28:
In file included from /home/ge95wuc2/mt4g/src/utils/hip/helpers.hpp:6:
/home/ge95wuc2/mt4g/src/utils/hip/runtime.hpp:182:22: warning: unused variable 'cuIdx' [-Wunused-variable]
  182 |         for (int32_t cuIdx : cuIdxs) {
      |                      ^~~~~
In file included from /home/ge95wuc2/mt4g/src/benchmarks/bandwidth/nvidia_constantL15ReadBandwidth.cpp:2:
In file included from /home/ge95wuc2/mt4g/src/utils/util.hpp:28:
In file included from /home/ge95wuc2/mt4g/src/utils/hip/helpers.hpp:6:
/home/ge95wuc2/mt4g/src/utils/hip/runtime.hpp:182:22: warning: unused variable 'cuIdx' [-Wunused-variable]
  182 |         for (int32_t cuIdx : cuIdxs) {
      |                      ^~~~~
In file included from /home/ge95wuc2/mt4g/src/benchmarks/share/nvidia_constantL1SharedWithL1.cpp:6:
In file included from /home/ge95wuc2/mt4g/src/utils/util.hpp:28:
In file included from /home/ge95wuc2/mt4g/src/utils/hip/helpers.hpp:6:
/home/ge95wuc2/mt4g/src/utils/hip/runtime.hpp:182:22: warning: unused variable 'cuIdx' [-Wunused-variable]
  182 |         for (int32_t cuIdx : cuIdxs) {
      |                      ^~~~~
In file included from /home/ge95wuc2/mt4g/src/benchmarks/missPenalty/nvidia_constantL1MissPenalty.cpp:6:
In file included from /home/ge95wuc2/mt4g/src/utils/util.hpp:28:
In file included from /home/ge95wuc2/mt4g/src/utils/hip/helpers.hpp:6:
/home/ge95wuc2/mt4g/src/utils/hip/runtime.hpp:182:22: warning: unused variable 'cuIdx' [-Wunused-variable]
  182 |         for (int32_t cuIdx : cuIdxs) {
      |                      ^~~~~
In file included from In file included from /home/ge95wuc2/mt4g/src/benchmarks/size/cacheSize/l1CacheSize.cpp/home/ge95wuc2/mt4g/src/benchmarks/size/lineSize/nvidia_constantL1LineSize.cpp::22:
:
In file included from In file included from /home/ge95wuc2/mt4g/src/utils/util.hpp:/home/ge95wuc2/mt4g/src/utils/util.hpp28::
28In file included from :
/home/ge95wuc2/mt4g/src/utils/hip/helpers.hppIn file included from :6/home/ge95wuc2/mt4g/src/utils/hip/helpers.hpp:
:/home/ge95wuc2/mt4g/src/utils/hip/runtime.hpp6::
182/home/ge95wuc2/mt4g/src/utils/hip/runtime.hpp::22182:: 22warning: :unused variable 'cuIdx' [-Wunused-variable]
 warning:   unused variable 'cuIdx' [-Wunused-variable]182
 |      182  |         f o r   (fionrt 3(2_itn tc3u2I_dtx  c:u IcduxI d:x sc)u I{d
x      s| )                     ^~~~~ 
{
      |                      ^~~~~
In file included from /home/ge95wuc2/mt4g/src/benchmarks/size/cacheSize/nvidia_textureCacheSize.cpp:4:
In file included from /home/ge95wuc2/mt4g/src/utils/util.hpp:28:
In file included from /home/ge95wuc2/mt4g/src/utils/hip/helpers.hpp:6:
/home/ge95wuc2/mt4g/src/utils/hip/runtime.hpp:182:22: warning: unused variable 'cuIdx' [-Wunused-variable]
  182 |         for (int32_t cuIdx : cuIdxs) {
      |                      ^~~~~
In file included from /home/ge95wuc2/mt4g/src/benchmarks/size/cacheSize/nvidia_constantL15CacheSize.cpp:4:
In file included from /home/ge95wuc2/mt4g/src/utils/util.hpp:28:
In file included from /home/ge95wuc2/mt4g/src/utils/hip/helpers.hpp:6:
/home/ge95wuc2/mt4g/src/utils/hip/runtime.hpp:182:22: warning: unused variable 'cuIdx' [-Wunused-variable]
  182 |         for (int32_t cuIdx : cuIdxs) {
      |                      ^~~~~
/home/ge95wuc2/mt4g/src/benchmarks/bandwidth/nvidia_textureReadBandwidth.cpp:18:18: warning: unused variable 'base' [-Wunused-variable]
   18 |     const size_t base = static_cast<size_t>(tid) * elementsPerThread;
      |                  ^~~~
/home/ge95wuc2/mt4g/src/benchmarks/bandwidth/nvidia_readOnlyReadBandwidth.cpp:18:21: warning: unused variable 'base' [-Wunused-variable]
   18 |     const uint32v4* base = src + tid * elementsPerThread;
      |                     ^~~~
In file included from /home/ge95wuc2/mt4g/src/benchmarks/bandwidth/nvidia_constantL1ReadBandwidth.cpp/home/ge95wuc2/mt4g/src/benchmarks/amount/nvidia_readOnlyAmount.cpp::237::
21In file included from :/home/ge95wuc2/mt4g/src/utils/util.hpp :warning: 28unused variable 'base' [-Wunused-variable]:

In file included from /home/ge95wuc2/mt4g/src/utils/hip/helpers.hpp:6   :
23/home/ge95wuc2/mt4g/src/utils/hip/runtime.hpp | : 182 : 22 :c owarning: nunused variable 'cuIdx' [-Wunused-variable]s
t uin  t1823 | 2 _ t *   b a s ef o=r  a(rirn1t63328_4tA sccuSItdrxi d:e 0c u+I dtxisd)  *{ 
e      l| e                     ^~~~~m
entsPerThread;
      |                     ^~~~
In file included from /home/ge95wuc2/mt4g/src/benchmarks/bandwidth/sharedReadBandwidth.cpp:2:
In file included from /home/ge95wuc2/mt4g/src/utils/util.hpp:28:
In file included from /home/ge95wuc2/mt4g/src/utils/hip/helpers.hpp:6:
/home/ge95wuc2/mt4g/src/utils/hip/runtime.hpp:182:22: warning: unused variable 'cuIdx' [-Wunused-variable]
  182 |         for (int32_t cuIdx : cuIdxs) {
      |                      ^~~~~
/home/ge95wuc2/mt4g/src/benchmarks/bandwidth/nvidia_constantL15ReadBandwidth.cpp:31:21: warning: unused variable 'base' [-Wunused-variable]
   31 |     const uint32_t* base = arr16384AscStride0 + tid * elementsPerThread * strideElements;
      |                     ^~~~
In file included from /home/ge95wuc2/mt4g/src/main.cpp:21:
In file included from /home/ge95wuc2/mt4g/src/utils/util.hpp:28:
In file included from /home/ge95wuc2/mt4g/src/utils/hip/helpers.hpp:6:
/home/ge95wuc2/mt4g/src/utils/hip/runtime.hpp:182:22: warning: unused variable 'cuIdx' [-Wunused-variable]
  182 |         for (int32_t cuIdx : cuIdxs) {
      |                      ^~~~~
1 warning generated when compiling for gfx90a.
1 warning generated when compiling for gfx90a.
1 warning generated when compiling for gfx90a.
1 warning generated when compiling for gfx90a.
1 warning generated when compiling for gfx90a.
1 warning generated when compiling for gfx90a.
1 warning generated when compiling for gfx90a.
1 warning generated when compiling for gfx90a.
1 warning generated when compiling for gfx90a.
1 warning generated when compiling for gfx90a.
1 warning generated when compiling for gfx90a.
1 warning generated when compiling for gfx90a.
1 warning generated when compiling for gfx90a.
1 warning generated when compiling for gfx90a.
1 warning generated when compiling for gfx90a.
1 warning generated when compiling for gfx90a.
1 warning generated when compiling for gfx90a.
1 warning generated when compiling for gfx90a.
1 warning generated when compiling for gfx90a.
1 warning generated when compiling for gfx90a.
1 warning generated when compiling for gfx90a.
1 warning generated when compiling for gfx90a.
1 warning generated when compiling for gfx90a.
1 warning generated when compiling for gfx90a.
1 warning generated when compiling for gfx90a.
2 warnings generated when compiling for gfx90a.
2 warnings generated when compiling for gfx90a.
2 warnings generated when compiling for gfx90a.
1 warning generated when compiling for gfx90a.
1 warning generated when compiling for gfx90a.
1 warning generated when compiling for gfx90a.
1 warning generated when compiling for gfx90a.
1 warning generated when compiling for gfx90a.
1 warning generated when compiling for gfx90a.
1 warning generated when compiling for gfx90a.
1 warning generated when compiling for gfx90a.
1 warning generated when compiling for gfx90a.
1 warning generated when compiling for gfx90a.
1 warning generated when compiling for gfx90a.
1 warning generated when compiling for gfx90a.
1 warning generated when compiling for gfx90a.
1 warning generated when compiling for gfx90a.
1 warning generated when compiling for gfx90a.
1 warning generated when compiling for gfx90a.
1 warning generated when compiling for gfx90a.
1 warning generated when compiling for gfx90a.
1 warning generated when compiling for gfx90a.
1 warning generated when compiling for gfx90a.
1 warning generated when compiling for gfx90a.
1 warning generated when compiling for gfx90a.
1 warning generated when compiling for gfx90a.
2 warnings generated when compiling for gfx90a.
1 warning generated when compiling for gfx90a.
1 warning generated when compiling for gfx90a.
1 warning generated when compiling for gfx90a.
1 warning generated when compiling for gfx90a.
1 warning generated when compiling for gfx90a.
1 warning generated when compiling for gfx90a.
1 warning generated when compiling for gfx90a.
1 warning generated when compiling for gfx90a.
1 warning generated when compiling for gfx90a.
1 warning generated when compiling for gfx90a.
1 warning generated when compiling for gfx90a.
1 warning generated when compiling for gfx90a.
1 warning generated when compiling for gfx90a.
1 warning generated when compiling for gfx90a.
1 warning generated when compiling for gfx90a.
1 warning generated when compiling for gfx90a.
1 warning generated when compiling for gfx90a.
1 warning generated when compiling for gfx90a.
1 warning generated when compiling for gfx90a.
1 warning generated when compiling for gfx90a.
1 warning generated when compiling for gfx90a.
1 warning generated when compiling for gfx90a.
1 warning generated when compiling for gfx90a.
1 warning generated when compiling for gfx90a.
In file included from /home/ge95wuc2/mt4g/src/utils/heuristic.cpp:1:
In file included from /home/ge95wuc2/mt4g/src/utils/util.hpp:28:
In file included from /home/ge95wuc2/mt4g/src/utils/hip/helpers.hpp:6:
/home/ge95wuc2/mt4g/src/utils/hip/runtime.hpp:182:22: warning: unused variable 'cuIdx' [-Wunused-variable]
  182 |         for (int32_t cuIdx : cuIdxs) {
      |                      ^~~~~
In file included from /home/ge95wuc2/mt4g/src/utils/tools.cpp:1:
In file included from /home/ge95wuc2/mt4g/src/utils/util.hpp:28:
In file included from /home/ge95wuc2/mt4g/src/utils/hip/helpers.hpp:6:
/home/ge95wuc2/mt4g/src/utils/hip/runtime.hpp:182:22: warning: unused variable 'cuIdx' [-Wunused-variable]
  182 |         for (int32_t cuIdx : cuIdxs) {
      |                      ^~~~~
In file included from /home/ge95wuc2/mt4g/src/utils/runner.cpp:3:
In file included from /home/ge95wuc2/mt4g/src/utils/util.hpp:28:
In file included from /home/ge95wuc2/mt4g/src/utils/hip/helpers.hpp:6:
/home/ge95wuc2/mt4g/src/utils/hip/runtime.hpp:182:22: warning: unused variable 'cuIdx' [-Wunused-variable]
  182 |         for (int32_t cuIdx : cuIdxs) {
      |                      ^~~~~
In file included from /home/ge95wuc2/mt4g/src/utils/translation.cpp:1:
In file included from /home/ge95wuc2/mt4g/src/utils/util.hpp:28:
In file included from /home/ge95wuc2/mt4g/src/utils/hip/helpers.hpp:6:
/home/ge95wuc2/mt4g/src/utils/hip/runtime.hpp:182:22: warning: unused variable 'cuIdx' [-Wunused-variable]
  182 |         for (int32_t cuIdx : cuIdxs) {
      |                      ^~~~~
In file included from /home/ge95wuc2/mt4g/src/typedef/disjointSet.cpp:1:
In file included from /home/ge95wuc2/mt4g/src/utils/util.hpp:28:
In file included from /home/ge95wuc2/mt4g/src/utils/hip/helpers.hpp:6:
/home/ge95wuc2/mt4g/src/utils/hip/runtime.hpp:182:22: warning: unused variable 'cuIdx' [-Wunused-variable]
  182 |         for (int32_t cuIdx : cuIdxs) {
      |                      ^~~~~
In file included from /home/ge95wuc2/mt4g/src/utils/binarySearch.cpp:9:
In file included from /home/ge95wuc2/mt4g/src/utils/util.hpp:28:
In file included from /home/ge95wuc2/mt4g/src/utils/hip/helpers.hpp:6:
/home/ge95wuc2/mt4g/src/utils/hip/runtime.hpp:182:22: warning: unused variable 'cuIdx' [-Wunused-variable]
  182 |         for (int32_t cuIdx : cuIdxs) {
      |                      ^~~~~
1 warning generated when compiling for gfx90a.
In file included from /home/ge95wuc2/mt4g/src/utils/statistics.cpp:21:
In file included from /home/ge95wuc2/mt4g/src/utils/util.hpp:28:
In file included from /home/ge95wuc2/mt4g/src/utils/hip/helpers.hpp:6:
/home/ge95wuc2/mt4g/src/utils/hip/runtime.hpp:182:22: warning: unused variable 'cuIdx' [-Wunused-variable]
  182 |         for (int32_t cuIdx : cuIdxs) {
      |                      ^~~~~
In file included from /home/ge95wuc2/mt4g/src/benchmarks/latency/nvidia_textureLatency.cpp:2:
In file included from /home/ge95wuc2/mt4g/src/utils/util.hpp:28:
In file included from /home/ge95wuc2/mt4g/src/utils/hip/helpers.hpp:6:
/home/ge95wuc2/mt4g/src/utils/hip/runtime.hpp:182:22: warning: unused variable 'cuIdx' [-Wunused-variable]
  182 |         for (int32_t cuIdx : cuIdxs) {
      |                      ^~~~~
In file included from /home/ge95wuc2/mt4g/src/benchmarks/size/fetchGranularity/nvidia_textureFetchGranularity.cpp:1:
In file included from /home/ge95wuc2/mt4g/src/utils/util.hpp:28:
In file included from /home/ge95wuc2/mt4g/src/utils/hip/helpers.hpp:6:
/home/ge95wuc2/mt4g/src/utils/hip/runtime.hpp:182:22: warning: unused variable 'cuIdx' [-Wunused-variable]
  182 |         for (int32_t cuIdx : cuIdxs) {
      |                      ^~~~~
In file included from /home/ge95wuc2/mt4g/src/benchmarks/latency/amd_l3Latency.cpp:2:
In file included from /home/ge95wuc2/mt4g/src/utils/util.hpp:28:
In file included from /home/ge95wuc2/mt4g/src/utils/hip/helpers.hpp:6:
/home/ge95wuc2/mt4g/src/utils/hip/runtime.hpp:182:22: warning: unused variable 'cuIdx' [-Wunused-variable]
  182 |         for (int32_t cuIdx : cuIdxs) {
      |                      ^~~~~
In file included from In file included from /home/ge95wuc2/mt4g/src/benchmarks/missPenalty/amd_l3MissPenalty.cpp/home/ge95wuc2/mt4g/src/benchmarks/missPenalty/nvidia_textureMissPenalty.cpp::52:
:
In file included from In file included from /home/ge95wuc2/mt4g/src/utils/util.hpp/home/ge95wuc2/mt4g/src/utils/util.hpp::2828:
:
In file included from In file included from /home/ge95wuc2/mt4g/src/utils/hip/helpers.hpp/home/ge95wuc2/mt4g/src/utils/hip/helpers.hpp::66:
:
/home/ge95wuc2/mt4g/src/utils/hip/runtime.hpp/home/ge95wuc2/mt4g/src/utils/hip/runtime.hpp::182182::2222::  warning: warning: unused variable 'cuIdx' [-Wunused-variable]unused variable 'cuIdx' [-Wunused-variable]

    182 |  182  |             f o rf o(ri n(int3t23_2t_t  ccuuIIddxx  ::  cuIdxs)c u{I
d      x| s                     ^~~~~)
 {
      |                      ^~~~~
In file included from /home/ge95wuc2/mt4g/src/benchmarks/bandwidth/amd_sL1ReadBandwidth.cpp:2:
In file included from /home/ge95wuc2/mt4g/src/utils/util.hpp:28:
In file included from /home/ge95wuc2/mt4g/src/utils/hip/helpers.hpp:6:
/home/ge95wuc2/mt4g/src/utils/hip/runtime.hpp:182:22: warning: unused variable 'cuIdx' [-Wunused-variable]
  182 |         for (int32_t cuIdx : cuIdxs) {
      |                      ^~~~~
In file included from /home/ge95wuc2/mt4g/src/benchmarks/bandwidth/nvidia_textureReadBandwidth.cpp:2:
In file included from /home/ge95wuc2/mt4g/src/utils/util.hpp:28:
In file included from /home/ge95wuc2/mt4g/src/utils/hip/helpers.hpp:6:
/home/ge95wuc2/mt4g/src/utils/hip/runtime.hpp:182:22: warning: unused variable 'cuIdx' [-Wunused-variable]
  182 |         for (int32_t cuIdx : cuIdxs) {
      |                      ^~~~~
In file included from /home/ge95wuc2/mt4g/src/benchmarks/share/nvidia_textureSharedWithReadOnly.cpp:5:
In file included from /home/ge95wuc2/mt4g/src/utils/util.hpp:28:
In file included from /home/ge95wuc2/mt4g/src/utils/hip/helpers.hpp:6:
/home/ge95wuc2/mt4g/src/utils/hip/runtime.hpp:182:22: warning: unused variable 'cuIdx' [-Wunused-variable]
  182 |         for (int32_t cuIn file included from I/home/ge95wuc2/mt4g/src/benchmarks/latency/l2Latency.cppd:x2 :
:In file included from  /home/ge95wuc2/mt4g/src/utils/util.hppc:u28I:
dIn file included from x/home/ge95wuc2/mt4g/src/utils/hip/helpers.hpps:)6 :
{/home/ge95wuc2/mt4g/src/utils/hip/runtime.hpp
:      182| In file included from :                     ^~~~~/home/ge95wuc2/mt4g/src/benchmarks/latency/mainMemoryLatency.cpp22
::2 :
warning: In file included from unused variable 'cuIdx' [-Wunused-variable]/home/ge95wuc2/mt4g/src/utils/util.hpp
:28:
In file included from /home/ge95wuc2/mt4g/src/utils/hip/helpers.hpp:  6182:
 | /home/ge95wuc2/mt4g/src/utils/hip/runtime.hpp : 182 : 22 :   warning:  unused variable 'cuIdx' [-Wunused-variable]f
or (in  t1823 | 2 _ t   c u I d xf o:r  c(uiIndtx3s2)_ t{ 
c      u| I                     ^~~~~d
x : cuIdxs) {
      |                      ^~~~~
In file included from /home/ge95wuc2/mt4g/src/benchmarks/share/amd_cuShareScalarL1logicalIds.cpp:11:
In file included from /home/ge95wuc2/mt4g/src/utils/util.hpp:28:
In file included from /home/ge95wuc2/mt4g/src/utils/hip/helpers.hpp:6:
/home/ge95wuc2/mt4g/src/utils/hip/runtime.hpp:182:22: warning: unused variable 'cuIdx' [-Wunused-variable]
  182 |         for (int32_t cuIdx : cuIdxs) {
      |                      ^~~~~
In file included from /home/ge95wuc2/mt4g/src/benchmarks/missPenalty/l1MissPenalty.cpp:5:
In file included from /home/ge95wuc2/mt4g/src/utils/util.hpp:28:
In file included from /home/ge95wuc2/mt4g/src/utils/hip/helpers.hpp:6:
/home/ge95wuc2/mt4g/src/utils/hip/runtime.hpp:182:22: warning: unused variable 'cuIdx' [-Wunused-variable]
  182 |         for (int32_t cuIdx : cuIdxs) {
      |                      ^~~~~
In file included from /home/ge95wuc2/mt4g/src/benchmarks/share/nvidia_readOnlySharedWithL1.cpp:5:
In file included from /home/ge95wuc2/mt4g/src/utils/util.hpp:28:
In file included from /home/ge95wuc2/mt4g/src/utils/hip/helpers.hpp:6:
/home/ge95wuc2/mt4g/src/utils/hip/runtime.hpp:182:22: warning: unused variable 'cuIdx' [-Wunused-variable]
  182 |         for (int32_t cuIdx : cuIdxs) {
      |                      ^~~~~
In file included from /home/ge95wuc2/mt4g/src/benchmarks/bandwidth/amd_l3ReadBandwidth.cpp:2:
In file included from /home/ge95wuc2/mt4g/src/utils/util.hpp:28:
In file included from /home/ge95wuc2/mt4g/src/utils/hip/helpers.hpp:6:
/home/ge95wuc2/mt4g/src/utils/hip/runtime.hpp:182:22: warning: unused variable 'cuIdx' [-Wunused-variable]
  182 |         for (int32_t cuIdx : cuIdxs) {
      |                      ^~~~~
In file included from /home/ge95wuc2/mt4g/src/benchmarks/missPenalty/nvidia_readOnlyMissPenalty.cpp:5:
In file included from /home/ge95wuc2/mt4g/src/utils/util.hpp:28:
In file included from /home/ge95wuc2/mt4g/src/utils/hip/helpers.hpp:6:
/home/ge95wuc2/mt4g/src/utils/hip/runtime.hpp:182:22: warning: unused variable 'cuIdx' [-Wunused-variable]
  182 |         for (int32_t cuIdx : cuIdxs) {
      |                      ^~~~~
In file included from /home/ge95wuc2/mt4g/src/benchmarks/bandwidth/nvidia_readOnlyReadBandwidth.cpp:2:
In file included from /home/ge95wuc2/mt4g/src/utils/util.hpp:28:
In file included from /home/ge95wuc2/mt4g/src/utils/hip/helpers.hpp:6:
/home/ge95wuc2/mt4g/src/utils/hip/runtime.hpp:182:22: warning: unused variable 'cuIdx' [-Wunused-variable]
  182 |         for (int32_t cuIdx : cuIdxs) {
      |                      ^~~~~
In file included from /home/ge95wuc2/mt4g/src/benchmarks/latency/nvidia_readOnlyLatency.cpp:2:
In file included from /home/ge95wuc2/mt4g/src/utils/util.hpp:28:
In file included from /home/ge95wuc2/mt4g/src/utils/hip/helpers.hpp:6:
/home/ge95wuc2/mt4g/src/utils/hip/runtime.hpp:182:22: warning: unused variable 'cuIdx' [-Wunused-variable]
  182 |         for (int32_t cuIdx : cuIdxs) {
      |                      ^~~~~
In file included from /home/ge95wuc2/mt4g/src/benchmarks/size/lineSize/l2LineSize.cpp:1:
In file included from /home/ge95wuc2/mt4g/src/utils/util.hpp:28:
In file included from /home/ge95wuc2/mt4g/src/utils/hip/helpers.hpp:6:
/home/ge95wuc2/mt4g/src/utils/hip/runtime.hpp:182:22: warning: unused variable 'cuIdx' [-Wunused-variable]
  182 |         for (int32_t cuIdx : cuIdxs) {
      |                      ^~~~~
In file included from /home/ge95wuc2/mt4g/src/benchmarks/bandwidth/sharedReadBandwidthStatic.cpp:2:
In file included from /home/ge95wuc2/mt4g/src/utils/util.hpp:28:
In file included from /home/ge95wuc2/mt4g/src/utils/hip/helpers.hpp:6:
/home/ge95wuc2/mt4g/src/utils/hip/runtime.hpp:182:22: warning: unused variable 'cuIdx' [-Wunused-variable]
  182 |         for (int32_t cuIdx : cuIdxs) {
      |                      ^~~~~
In file included from /home/ge95wuc2/mt4g/src/benchmarks/latency/l1Latency.cpp:2:
In file included from /home/ge95wuc2/mt4g/src/utils/util.hpp:28:
In file included from /home/ge95wuc2/mt4g/src/utils/hip/helpers.hpp:6:
/home/ge95wuc2/mt4g/src/utils/hip/runtime.hpp:182:22: warning: unused variable 'cuIdx' [-Wunused-variable]
  182 |         for (int32_t cuIdx : cuIdxs) {
      |                      ^~~~~
In file included from /home/ge95wuc2/mt4g/src/benchmarks/size/fetchGranularity/l2FetchGranularity.cpp:1:
In file included from /home/ge95wuc2/mt4g/src/utils/util.hpp:28:
In file included from /home/ge95wuc2/mt4g/src/utils/hip/helpers.hpp:6:
/home/ge95wuc2/mt4g/src/utils/hip/runtime.hpp:182:22: warning: unused variable 'cuIdx' [-Wunused-variable]
  182 |         for (int32_t cuIdx : cuIdxs) {
      |                      ^~~~~
In file included from /home/ge95wuc2/mt4g/src/benchmarks/bandwidth/nvidia_constantL1ReadBandwidth.cpp:2:
In file included from /home/ge95wuc2/mt4g/src/utils/util.hpp:28:
In file included from /home/ge95wuc2/mt4g/src/utils/hip/helpers.hpp:6:
/home/ge95wuc2/mt4g/src/utils/hip/runtime.hpp:182:22: warning: unused variable 'cuIdx' [-Wunused-variable]
  182 |         for (int32_t cuIdx : cuIdxs) {
      |                      ^~~~~
In file included from In file included from /home/ge95wuc2/mt4g/src/benchmarks/size/lineSize/nvidia_textureLineSize.cpp/home/ge95wuc2/mt4g/src/benchmarks/amount/nvidia_textureAmount.cpp::27:
:
In file included from /home/ge95wuc2/mt4g/src/utils/util.hppIn file included from :28/home/ge95wuc2/mt4g/src/utils/util.hpp:
In file included from :/home/ge95wuc2/mt4g/src/utils/hip/helpers.hpp:286:
:
/home/ge95wuc2/mt4g/src/utils/hip/runtime.hppIn file included from :/home/ge95wuc2/mt4g/src/utils/hip/helpers.hpp182::22:6 :
warning: /home/ge95wuc2/mt4g/src/utils/hip/runtime.hppunused variable 'cuIdx' [-Wunused-variable]
:182:22  :182  | warning:  unused variable 'cuIdx' [-Wunused-variable] 
      182  |  f or  ( in t 3 2_ t  cfuIodxr  : (cuiIdnxst) 3{2
_      | t                     ^~~~~
 cuIdx : cIn file included from u/home/ge95wuc2/mt4g/src/benchmarks/bandwidth/sharedWriteBandwidth.cppI:d2x:
sIn file included from )/home/ge95wuc2/mt4g/src/utils/util.hpp :{28
:
      In file included from | /home/ge95wuc2/mt4g/src/utils/hip/helpers.hpp                     ^~~~~:
6:
/home/ge95wuc2/mt4g/src/utils/hip/runtime.hpp:182:22: warning: unused variable 'cuIdx' [-Wunused-variable]
  182 |         for (int32_t cuIdx : cuIdxs) {
      |                      ^~~~~
In file included from /home/ge95wuc2/mt4g/src/benchmarks/bandwidth/mainMemoryReadBandwidth.cpp:2:
In file included from /home/ge95wuc2/mt4g/src/utils/util.hpp:28:
In file included from /home/ge95wuc2/mt4g/src/utils/hip/helpers.hpp:6:
/home/ge95wuc2/mt4g/src/utils/hip/runtime.hpp:182:22: warning: unused variable 'cuIdx' [-Wunused-variable]
  182 |         for (int32_t cuIdx : cuIdxs) {
      |                      ^~~~~
In file included from /home/ge95wuc2/mt4g/src/benchmarks/latency/nvidia_constantL1Latency.cpp:2:
In file included from /home/ge95wuc2/mt4g/src/utils/util.hpp:28:
In file included from /home/ge95wuc2/mt4g/src/utils/hip/helpers.hpp:6:
/home/ge95wuc2/mt4g/src/utils/hip/runtime.hpp:182:22: warning: unused variable 'cuIdx' [-Wunused-variable]
  182 |         for (int32_t cuIdx : cuIdxs) {
      |                      ^~~~~
In file included from /home/ge95wuc2/mt4g/src/benchmarks/bandwidth/amd_l3WriteBandwidth.cpp:2:
In file included from /home/ge95wuc2/mt4g/src/utils/util.hpp:28:
In file included from /home/ge95wuc2/mt4g/src/utils/hip/helpers.hpp:6:
/home/ge95wuc2/mt4g/src/utils/hip/runtime.hpp:182:22: warning: unused variable 'cuIdx' [-Wunused-variable]
  182 |         for (int32_t cuIdx : cuIdxs) {
      |                      ^~~~~
In file included from /home/ge95wuc2/mt4g/src/benchmarks/bandwidth/nvidia_constantL15ReadBandwidth.cpp:2:
In file included from /home/ge95wuc2/mt4g/src/utils/util.hpp:28:
In file included from /home/ge95wuc2/mt4g/src/utils/hip/helpers.hpp:6:
/home/ge95wuc2/mt4g/src/utils/hip/runtime.hpp:182:22: warning: unused variable 'cuIdx' [-Wunused-variable]
  182 |         for (In file included from i/home/ge95wuc2/mt4g/src/benchmarks/bandwidth/mainMemoryWriteBandwidth.cppn:t322_:
tIn file included from In file included from  /home/ge95wuc2/mt4g/src/benchmarks/size/cacheSize/amd_scalarL1CacheSize.cpp/home/ge95wuc2/mt4g/src/utils/util.hppc::u428I:
:
dxIn file included from In file included from  /home/ge95wuc2/mt4g/src/utils/util.hpp/home/ge95wuc2/mt4g/src/utils/hip/helpers.hpp: ::cu286I:
:
dIn file included from /home/ge95wuc2/mt4g/src/utils/hip/runtime.hppx/home/ge95wuc2/mt4g/src/utils/hip/helpers.hpp:s:182) 6:{:
22
/home/ge95wuc2/mt4g/src/utils/hip/runtime.hpp:      : | 182warning:                      ^~~~~:unused variable 'cuIdx' [-Wunused-variable]

22  182:  | warning:  unused variable 'cuIdx' [-Wunused-variable]
     182  |         f o  rfo r ((iintn32t_3t2 c_uItdx  :c ucuIIddxsx)  {
:      |                       ^~~~~
cuIdxs) {
      |                      ^~~~~
In file included from /home/ge95wuc2/mt4g/src/benchmarks/share/nvidia_textureSharedWithL1.cpp:5:
In file included from /home/ge95wuc2/mt4g/src/utils/util.hpp:28:
In file included from /home/ge95wuc2/mt4g/src/utils/hip/helpers.hpp:6:
/home/ge95wuc2/mt4g/src/utils/hip/runtime.hpp:182:22: warning: unused variable 'cuIdx' [-Wunused-variable]
  182 |         for (int32_t cuIdx : cuIdxs) {
      |                      ^~~~~
In file included from /home/ge95wuc2/mt4g/src/benchmarks/bandwidth/sharedWriteBandwidthStatic.cpp:2:
In file included from /home/ge95wuc2/mt4g/src/utils/util.hpp:28:
In file included from /home/ge95wuc2/mt4g/src/utils/hip/helpers.hpp:6:
/home/ge95wuc2/mt4g/src/utils/hip/runtime.hpp:182:22: warning: unused variable 'cuIdx' [-Wunused-variable]
  182 |         for (int32_t cuIdx : cuIdxs) {
      |                      ^~~~~
In file included from /home/ge95wuc2/mt4g/src/benchmarks/amount/l1Amount.cpp:8:
In file included from /home/ge95wuc2/mt4g/src/utils/util.hpp:28:
In file included from /home/ge95wuc2/mt4g/src/utils/hip/helpers.hpp:6:
/home/ge95wuc2/mt4g/src/utils/hip/runtime.hpp:182:22: warning: unused variable 'cuIdx' [-Wunused-variable]
  182 |         for (int32_t cuIdx : cuIdxs) {
      |                      ^~~~~
In file included from /home/ge95wuc2/mt4g/src/benchmarks/bandwidth/amd_sL1WriteBandwidth.cpp:2:
In file included from /home/ge95wuc2/mt4g/src/utils/util.hpp:28:
In file included from /home/ge95wuc2/mt4g/src/utils/hip/helpers.hpp:6:
/home/ge95wuc2/mt4g/src/utils/hip/runtime.hpp:182:22: In file included from warning: /home/ge95wuc2/mt4g/src/benchmarks/missPenalty/l2MissPenalty.cpp:unused variable 'cuIdx' [-Wunused-variable]5
:
In file included from /home/ge95wuc2/mt4g/src/utils/util.hpp:  28182:
 | In file included from  /home/ge95wuc2/mt4g/src/utils/hip/helpers.hpp : 6 :
 /home/ge95wuc2/mt4g/src/utils/hip/runtime.hpp :182 :22 : fwarning: ounused variable 'cuIdx' [-Wunused-variable]
r   182( | i n t 3 2 _ t   cfuoIrd x( i:n tc3u2I_dtxIn file included from  cs/home/ge95wuc2/mt4g/src/benchmarks/size/fetchGranularity/nvidia_constantL1FetchGranularity.cppu):I 1d{:
x
In file included from        /home/ge95wuc2/mt4g/src/utils/util.hpp:| :                      ^~~~~28c
:
uIIn file included from d/home/ge95wuc2/mt4g/src/utils/hip/helpers.hppx:s6) :
{
/home/ge95wuc2/mt4g/src/utils/hip/runtime.hpp      | :                     ^~~~~
182:22: warning: unused variable 'cuIdx' [-Wunused-variable]
  182 |         for (int32_t cuIdx : cuIdxs) {
      |                      ^~~~~
In file included from /home/ge95wuc2/mt4g/src/benchmarks/share/nvidia_constantL1SharedWithL1.cpp:6:
In file included from /home/ge95wuc2/mt4g/src/utils/util.hpp:28:
In file included from /home/ge95wuc2/mt4g/src/utils/hip/helpers.hpp:6:
/home/ge95wuc2/mt4g/src/utils/hip/runtime.hpp:182:22: warning: unused variable 'cuIdx' [-Wunused-variable]
  182 |         for (In file included from i/home/ge95wuc2/mt4g/src/benchmarks/size/cacheSize/nvidia_readOnlyCacheSize.cppn:t43:
2In file included from _/home/ge95wuc2/mt4g/src/utils/util.hppt: 28c:
uIn file included from I/home/ge95wuc2/mt4g/src/utils/hip/helpers.hppd:x6 :
:/home/ge95wuc2/mt4g/src/utils/hip/runtime.hpp :c182u:I22d:x swarning: )unused variable 'cuIdx' [-Wunused-variable] 
{
        | 182                     ^~~~~ | 
        for (int32_t cuIdx : cuIdxs) {
      |                      ^~~~~
In file included from /home/ge95wuc2/mt4g/src/benchmarks/bandwidth/l1ReadBandwidth.cpp:2:
In file included from /home/ge95wuc2/mt4g/src/utils/util.hpp:28:
In file included from /home/ge95wuc2/mt4g/src/utils/hip/helpers.hpp:6:
/home/ge95wuc2/mt4g/src/utils/hip/runtime.hpp:182:22: warning: unused variable 'cuIdx' [-Wunused-variable]
  182 |         for (int32_t cuIdx : cuIdxs) {
      |                      ^~~~~
In file included from /home/ge95wuc2/mt4g/src/benchmarks/missPenalty/amd_scalarL1MissPenalty.cpp:2:
In file included from /home/ge95wuc2/mt4g/src/utils/util.hpp:28:
In file included from /home/ge95wuc2/mt4g/src/utils/hip/helpers.hpp:6:
/home/ge95wuc2/mt4g/src/utils/hip/runtime.hpp:182:22: warning: unused variable 'cuIdx' [-Wunused-variable]
  182 |         for (int32_t cuIdx : cuIdxs) {
      |                      ^~~~~
In file included from /home/ge95wuc2/mt4g/src/benchmarks/size/fetchGranularity/nvidia_readOnlyFetchGranularity.cpp:1:
In file included from /home/ge95wuc2/mt4g/src/utils/util.hpp:28:
In file included from /home/ge95wuc2/mt4g/src/utils/hip/helpers.hpp:6:
/home/ge95wuc2/mt4g/src/utils/hip/runtime.hpp:182:22: warning: unused variable 'cuIdx' [-Wunused-variable]
  182 |         for (int32_t cuIdx : cuIdxs) {
      |                      ^~~~~
In file included from /home/ge95wuc2/mt4g/src/benchmarks/size/cacheSize/nvidia_textureCacheSize.cpp:4:
In file included from /home/ge95wuc2/mt4g/src/utils/util.hpp:28:
In file included from /home/ge95wuc2/mt4g/src/utils/hip/helpers.hpp:6:
/home/ge95wuc2/mt4g/src/utils/hip/runtime.hpp:182:22: warning: unused variable 'cuIdx' [-Wunused-variable]
  182 |         for (int32_t cuIdx : cuIdxs) {
      |                      ^~~~~
In file included from In file included from /home/ge95wuc2/mt4g/src/benchmarks/latency/nvidia_constantL15Latency.cpp:/home/ge95wuc2/mt4g/src/benchmarks/size/lineSize/l1LineSize.cpp2::
In file included from 2/home/ge95wuc2/mt4g/src/utils/util.hpp::
28:
In file included from In file included from /home/ge95wuc2/mt4g/src/utils/hip/helpers.hpp/home/ge95wuc2/mt4g/src/utils/util.hpp:6::
28/home/ge95wuc2/mt4g/src/utils/hip/runtime.hpp::
182:In file included from 22:/home/ge95wuc2/mt4g/src/utils/hip/helpers.hpp :warning: 6unused variable 'cuIdx' [-Wunused-variable]
:
/home/ge95wuc2/mt4g/src/utils/hip/runtime.hpp  :182 | 182  :  22  :   fowarning: r unused variable 'cuIdx' [-Wunused-variable](i
nt3  2_182t  | cu Id x  :  cu Id xs )  {
f      | o                     ^~~~~
r (int32_t cuIdx : cuIdxs) {
      |                      ^~~~~
In file included from /home/ge95wuc2/mt4g/src/benchmarks/size/cacheSize/l1CacheSize.cpp:2:
In file included from /home/ge95wuc2/mt4g/src/utils/util.hpp:28:
In file included from /home/ge95wuc2/mt4g/src/utils/hip/helpers.hpp:6:
/home/ge95wuc2/mt4g/src/utils/hip/runtime.hpp:182:22: warning: unused variable 'cuIdx' [-Wunused-variable]
  182 |         for (int32_t cuIdx : cuIdxs) {
      |                      ^~~~~
/home/ge95wuc2/mt4g/src/benchmarks/bandwidth/nvidia_textureReadBandwidth.cpp:18:18: warning: unused variable 'base' [-Wunused-variable]
   18 |     const size_t base = static_cast<size_t>(tid) * elementsPerThread;
      |                  ^~~~
In file included from /home/ge95wuc2/mt4g/src/benchmarks/size/lineSize/nvidia_constantL15LineSize.cpp:2:
In file included from /home/ge95wuc2/mt4g/src/utils/util.hpp:28:
In file included from /home/ge95wuc2/mt4g/src/utils/hip/helpers.hpp:6:
/home/ge95wuc2/mt4g/src/utils/hip/runtime.hpp:182:22: warning: unused variable 'cuIdx' [-Wunused-variable]
  182 |         for (int32_t cuIdx : cuIdxs) {
      |                      ^~~~~
In file included from /home/ge95wuc2/mt4g/src/benchmarks/amount/nvidia_constantL1Amount.cpp:8:
In file included from /home/ge95wuc2/mt4g/src/utils/util.hpp:28:
In file included from /home/ge95wuc2/mt4g/src/utils/hip/helpers.hpp:6:
/home/ge95wuc2/mt4g/src/utils/hip/runtime.hpp:182:22: warning: unused variable 'cuIdx' [-Wunused-variable]
  182 |         for (int32_t cuIdx : cuIdxs) {
      |                      ^~~~~
In file included from /home/ge95wuc2/mt4g/src/benchmarks/size/lineSize/amd_scalarL1LineSize.cpp:2:
In file included from /home/ge95wuc2/mt4g/src/utils/util.hpp:28:
In file included from /home/ge95wuc2/mt4g/src/utils/hip/helpers.hpp:6:
/home/ge95wuc2/mt4g/src/utils/hip/runtime.hpp:182:22: warning: unused variable 'cuIdx' [-Wunused-variable]
  182 |         for (int32_t cuIdx : cuIdxs) {
      |                      ^~~~~
/home/ge95wuc2/mt4g/src/benchmarks/bandwidth/nvidia_readOnlyReadBandwidth.cpp:18:21: warning: unused variable 'base' [-Wunused-variable]
   18 |     const uint32v4* base = src + tid * elementsPerThread;
      |                     ^~~~
In file included from /home/ge95wuc2/mt4g/src/benchmarks/difference/nvidia_differenceL1L2.cpp:2:
In file included from /home/ge95wuc2/mt4g/src/utils/util.hpp:28:
In file included from /home/ge95wuc2/mt4g/src/utils/hip/helpers.hpp:6:
/home/ge95wuc2/mt4g/src/utils/hip/runtime.hpp:182:22: warning: unused variable 'cuIdx' [-Wunused-variable]
  182 |         for (int32_t cuIdx : cuIdxs) {
      |                      ^~~~~
In file included from /home/ge95wuc2/mt4g/src/benchmarks/share/amd_cuShareScalarL1.cpp:8:
In file included from /home/ge95wuc2/mt4g/src/utils/util.hpp:28:
In file included from /home/ge95wuc2/mt4g/src/utils/hip/helpers.hpp:6:
/home/ge95wuc2/mt4g/src/utils/hip/runtime.hpp:182:22: warning: unused variable 'cuIdx' [-Wunused-variable]
  182 |         for (int32_t cuIdx : cuIdxs) {
      |                      ^~~~~
In file included from /home/ge95wuc2/mt4g/src/benchmarks/size/fetchGranularity/l1FetchGranularity.cpp:1:
In file included from /home/ge95wuc2/mt4g/src/utils/util.hpp:28:
In file included from /home/ge95wuc2/mt4g/src/utils/hip/helpers.hpp:6:
/home/ge95wuc2/mt4g/src/utils/hip/runtime.hpp:182:22: warning: unused variable 'cuIdx' [-Wunused-variable]
  182 |         for (int32_t cuIdx : cuIdxs) {
      |                      ^~~~~
/home/ge95wuc2/mt4g/src/benchmarks/bandwidth/nvidia_constantL1ReadBandwidth.cpp:23:21: warning: unused variable 'base' [-Wunused-variable]
   23 |     const uint32_t* base = arr16384AscStride0 + tid * elementsPerThread;
      |                     ^~~~
In file included from /home/ge95wuc2/mt4g/src/benchmarks/size/lineSize/nvidia_constantL1LineSize.cpp:2:
In file included from /home/ge95wuc2/mt4g/src/utils/util.hpp:28:
In file included from /home/ge95wuc2/mt4g/src/utils/hip/helpers.hpp:6:
/home/ge95wuc2/mt4g/src/utils/hip/runtime.hpp:182:22: warning: unused variable 'cuIdx' [-Wunused-variable]
  182 |         for (int32_t cuIdx : cuIdxs) {
      |                      ^~~~~
In file included from /home/ge95wuc2/mt4g/src/benchmarks/size/fetchGranularity/amd_scalarL1FetchGranularity.cpp:1:
In file included from /home/ge95wuc2/mt4g/src/utils/util.hpp:28:
In file included from /home/ge95wuc2/mt4g/src/utils/hip/helpers.hpp:6:
/home/ge95wuc2/mt4g/src/utils/hip/runtime.hpp:182:22: warning: unused variable 'cuIdx' [-Wunused-variable]
  182 |         for (int32_t cuIdx : cuIdxs) {
      |                      ^~~~~
In file included from /home/ge95wuc2/mt4g/src/benchmarks/latency/sharedLatency.cpp:2:
In file included from /home/ge95wuc2/mt4g/src/utils/util.hpp:28:
In file included from /home/ge95wuc2/mt4g/src/utils/hip/helpers.hpp:6:
/home/ge95wuc2/mt4g/src/utils/hip/runtime.hpp:182:22: warning: unused variable 'cuIdx' [-Wunused-variable]
  182 |         for (int32_t cuIdx : cuIdxs) {
      |                      ^~~~~
/home/ge95wuc2/mt4g/src/benchmarks/bandwidth/nvidia_constantL15ReadBandwidth.cpp:31:21: warning: unused variable 'base' [-Wunused-variable]
   31 |     const uint32_t* base = arr16384AscStride0 + tid * elementsPerThread * strideElements;
      |                     ^~~~
In file included from /home/ge95wuc2/mt4g/src/benchmarks/size/cacheSize/nvidia_constantL1CacheSize.cpp:4:
In file included from /home/ge95wuc2/mt4g/src/utils/util.hpp:28:
In file included from /home/ge95wuc2/mt4g/src/utils/hip/helpers.hpp:6:
/home/ge95wuc2/mt4g/src/utils/hip/runtime.hpp:182:22: warning: unused variable 'cuIdx' [-Wunused-variable]
  182 |         for (int32_t cuIdx : cuIdxs) {
      |                      ^~~~~
In file included from /home/ge95wuc2/mt4g/src/benchmarks/bandwidth/l1WriteBandwidth.cpp:2:
In file included from /home/ge95wuc2/mt4g/src/utils/util.hpp:28:
In file included from /home/ge95wuc2/mt4g/src/utils/hip/helpers.hpp:6:
/home/ge95wuc2/mt4g/src/utils/hip/runtime.hpp:182:22: warning: unused variable 'cuIdx' [-Wunused-variable]
  182 |         for (int32_t cuIdx : cuIdxs) {
      |                      ^~~~~
In file included from /home/ge95wuc2/mt4g/src/benchmarks/latency/amd_scalarL1Latency.cpp:2:
In file included from /home/ge95wuc2/mt4g/src/utils/util.hpp:28:
In file included from /home/ge95wuc2/mt4g/src/utils/hip/helpers.hpp:6:
/home/ge95wuc2/mt4g/src/utils/hip/runtime.hpp:182:22: warning: unused variable 'cuIdx' [-Wunused-variable]
  182 |         for (int32_t cuIdx : cuIdxs) {
      |                      ^~~~~
In file included from /home/ge95wuc2/mt4g/src/benchmarks/size/fetchGranularity/amd_l3FetchGranularity.cpp:1:
In file included from /home/ge95wuc2/mt4g/src/utils/util.hpp:28:
In file included from /home/ge95wuc2/mt4g/src/utils/hip/helpers.hpp:6:
/home/ge95wuc2/mt4g/src/utils/hip/runtime.hpp:182:22: warning: unused variable 'cuIdx' [-Wunused-variable]
  182 |         for (int32_t cuIdx : cuIdxs) {
      |                      ^~~~~
In file included from /home/ge95wuc2/mt4g/src/benchmarks/bandwidth/l2ReadBandwidth.cpp:2:
In file included from /home/ge95wuc2/mt4g/src/utils/util.hpp:28:
In file included from /home/ge95wuc2/mt4g/src/utils/hip/helpers.hpp:6:
/home/ge95wuc2/mt4g/src/utils/hip/runtime.hpp:182:22: warning: unused variable 'cuIdx' [-Wunused-variable]
  182 |         for (int32_t cuIdx : cuIdxs) {
      |                      ^~~~~
In file included from /home/ge95wuc2/mt4g/src/benchmarks/amount/nvidia_readOnlyAmount.cpp:7:
In file included from /home/ge95wuc2/mt4g/src/utils/util.hpp:28:
In file included from /home/ge95wuc2/mt4g/src/utils/hip/helpers.hpp:6:
/home/ge95wuc2/mt4g/src/utils/hip/runtime.hpp:182:22: warning: unused variable 'cuIdx' [-Wunused-variable]
  182 |         for (int32_t cuIdx : cuIdxs) {
      |                      ^~~~~
In file included from /home/ge95wuc2/mt4g/src/benchmarks/size/cacheSize/nvidia_constantL15CacheSize.cpp:4:
In file included from /home/ge95wuc2/mt4g/src/utils/util.hpp:28:
In file included from /home/ge95wuc2/mt4g/src/utils/hip/helpers.hpp:6:
/home/ge95wuc2/mt4g/src/utils/hip/runtime.hpp:182:22: warning: unused variable 'cuIdx' [-Wunused-variable]
  182 |         for (int32_t cuIdx : cuIdxs) {
      |                      ^~~~~
In file included from /home/ge95wuc2/mt4g/src/benchmarks/size/cacheSize/l2SegmentSize.cpp:1:
In file included from /home/ge95wuc2/mt4g/src/utils/util.hpp:28:
In file included from /home/ge95wuc2/mt4g/src/utils/hip/helpers.hpp:6:
/home/ge95wuc2/mt4g/src/utils/hip/runtime.hpp:182:22: warning: unused variable 'cuIdx' [-Wunused-variable]
  182 |         for (int32_t cuIdx : cuIdxs) {
      |                      ^~~~~
In file included from /home/ge95wuc2/mt4g/src/benchmarks/size/lineSize/nvidia_readOnlyLineSize.cpp:2:
In file included from /home/ge95wuc2/mt4g/src/utils/util.hpp:28:
In file included from /home/ge95wuc2/mt4g/src/utils/hip/helpers.hpp:6:
/home/ge95wuc2/mt4g/src/utils/hip/runtime.hpp:182:22: warning: unused variable 'cuIdx' [-Wunused-variable]
  182 |         for (int32_t cuIdx : cuIdxs) {
      |                      ^~~~~
In file included from /home/ge95wuc2/mt4g/src/benchmarks/bandwidth/l2WriteBandwidth.cpp:2:
In file included from /home/ge95wuc2/mt4g/src/utils/util.hpp:28:
In file included from /home/ge95wuc2/mt4g/src/utils/hip/helpers.hpp:6:
/home/ge95wuc2/mt4g/src/utils/hip/runtime.hpp:182:22: warning: unused variable 'cuIdx' [-Wunused-variable]
  182 |         for (int32_t cuIdx : cuIdxs) {
      |                      ^~~~~
In file included from /home/ge95wuc2/mt4g/src/benchmarks/bandwidth/amd_l1ReadBandwidthBlocksweep.cpp:2:
In file included from /home/ge95wuc2/mt4g/src/utils/util.hpp:28:
In file included from /home/ge95wuc2/mt4g/src/utils/hip/helpers.hpp:6:
/home/ge95wuc2/mt4g/src/utils/hip/runtime.hpp:182:22: warning: unused variable 'cuIdx' [-Wunused-variable]
  182 |         for (int32_t cuIdx : cuIdxs) {
      |                      ^~~~~
In file included from /home/ge95wuc2/mt4g/src/benchmarks/bandwidth/sharedReadBandwidth.cpp:2:
In file included from /home/ge95wuc2/mt4g/src/utils/util.hpp:28:
In file included from /home/ge95wuc2/mt4g/src/utils/hip/helpers.hpp:6:
/home/ge95wuc2/mt4g/src/utils/hip/runtime.hpp:182:22: warning: unused variable 'cuIdx' [-Wunused-variable]
  182 |         for (int32_t cuIdx : cuIdxs) {
      |                      ^~~~~
In file included from /home/ge95wuc2/mt4g/src/benchmarks/size/fetchGranularity/nvidia_constantL15FetchGranularity.cpp:1:
In file included from /home/ge95wuc2/mt4g/src/utils/util.hpp:28:
In file included from /home/ge95wuc2/mt4g/src/utils/hip/helpers.hpp:6:
/home/ge95wuc2/mt4g/src/utils/hip/runtime.hpp:182:22: warning: unused variable 'cuIdx' [-Wunused-variable]
  182 |         for (int32_t cuIdx : cuIdxs) {
      |                      ^~~~~
In file included from /home/ge95wuc2/mt4g/src/benchmarks/missPenalty/nvidia_constantL1MissPenalty.cpp:6:
In file included from /home/ge95wuc2/mt4g/src/utils/util.hpp:28:
In file included from /home/ge95wuc2/mt4g/src/utils/hip/helpers.hpp:6:
/home/ge95wuc2/mt4g/src/utils/hip/runtime.hpp:182:22: warning: unused variable 'cuIdx' [-Wunused-variable]
  182 |         for (int32_t cuIdx : cuIdxs) {
      |                      ^~~~~
1 warning generated when compiling for host.
1 warning generated when compiling for host.
1 warning generated when compiling for host.
1 warning generated when compiling for host.
1 warning generated when compiling for host.
1 warning generated when compiling for host.
1 warning generated when compiling for host.
1 warning generated when compiling for host.
1 warning generated when compiling for host.
1 warning generated when compiling for host.
1 warning generated when compiling for host.
1 warning generated when compiling for host.
1 warning generated when compiling for host.
1 warning generated when compiling for host.
1 warning generated when compiling for host.
1 warning generated when compiling for host.
1 warning generated when compiling for host.
1 warning generated when compiling for host.
1 warning generated when compiling for host.
1 warning generated when compiling for host.
1 warning generated when compiling for host.
1 warning generated when compiling for host.
1 warning generated when compiling for host.
1 warning generated when compiling for host.
1 warning generated when compiling for host.
2 warnings generated when compiling for host.
1 warning generated when compiling for host.
1 warning generated when compiling for host.
1 warning generated when compiling for host.
1 warning generated when compiling for host.
2 warnings generated when compiling for host.
1 warning generated when compiling for host.
1 warning generated when compiling for host.
1 warning generated when compiling for host.
1 warning generated when compiling for host.
1 warning generated when compiling for host.
1 warning generated when compiling for host.
1 warning generated when compiling for host.
2 warnings generated when compiling for host.
1 warning generated when compiling for host.
1 warning generated when compiling for host.
In file included from /home/ge95wuc2/mt4g/src/benchmarks/bandwidth/amd_l1WriteBandwidthBlocksweep.cpp:2:
In file included from /home/ge95wuc2/mt4g/src/utils/util.hpp:28:
In file included from /home/ge95wuc2/mt4g/src/utils/hip/helpers.hpp:6:
/home/ge95wuc2/mt4g/src/utils/hip/runtime.hpp:182:22: warning: unused variable 'cuIdx' [-Wunused-variable]
  182 |         for (int32_t cuIdx : cuIdxs) {
      |                      ^~~~~
2 warnings generated when compiling for host.
1 warning generated when compiling for host.
1 warning generated when compiling for host.
1 warning generated when compiling for host.
1 warning generated when compiling for host.
1 warning generated when compiling for host.
1 warning generated when compiling for host.
1 warning generated when compiling for host.
1 warning generated when compiling for host.
1 warning generated when compiling for host.
1 warning generated when compiling for host.
1 warning generated when compiling for host.
1 warning generated when compiling for host.
1 warning generated when compiling for host.
1 warning generated when compiling for host.
1 warning generated when compiling for host.
1 warning generated when compiling for host.
1 warning generated when compiling for host.
1 warning generated when compiling for host.
1 warning generated when compiling for host.
1 warning generated when compiling for host.
1 warning generated when compiling for host.
1 warning generated when compiling for host.
1 warning generated when compiling for host.
1 warning generated when compiling for host.
1 warning generated when compiling for host.
1 warning generated when compiling for host.
1 warning generated when compiling for host.
1 warning generated when compiling for host.
1 warning generated when compiling for host.
1 warning generated when compiling for host.
1 warning generated when compiling for host.
1 warning generated when compiling for host.
1 warning generated when compiling for host.
In file included from /home/ge95wuc2/mt4g/src/main.cpp:21:
In file included from /home/ge95wuc2/mt4g/src/utils/util.hpp:28:
In file included from /home/ge95wuc2/mt4g/src/utils/hip/helpers.hpp:6:
/home/ge95wuc2/mt4g/src/utils/hip/runtime.hpp:182:22: warning: unused variable 'cuIdx' [-Wunused-variable]
  182 |         for (int32_t cuIdx : cuIdxs) {
      |                      ^~~~~
1 warning generated when compiling for gfx90a.
1 warning generated when compiling for host.
In file included from /home/ge95wuc2/mt4g/src/benchmarks/bandwidth/amd_l1WriteBandwidthBlocksweep.cpp:2:
In file included from /home/ge95wuc2/mt4g/src/utils/util.hpp:28:
In file included from /home/ge95wuc2/mt4g/src/utils/hip/helpers.hpp:6:
/home/ge95wuc2/mt4g/src/utils/hip/runtime.hpp:182:22: warning: unused variable 'cuIdx' [-Wunused-variable]
  182 |         for (int32_t cuIdx : cuIdxs) {
      |                      ^~~~~
1 warning generated when compiling for host.
1 warning generated when compiling for host.
[100%] Linking CXX executable mt4g
[100%] Built target mt4g
Install the project...
-- Install configuration: "Release"
-- Installing: /home/ge95wuc2/mt4g/build-milan1-MI210/install/bin/mt4g
-- Set non-toolchain portion of runtime path of "/home/ge95wuc2/mt4g/build-milan1-MI210/install/bin/mt4g" to ""
