[mt4g] Starting Benchmarks on AMD Instinct MI210
[Scalar L1] Starting Benchmarks
[Scalar L1] Latency
[Timing] amd_scalarL1Latency took 0.135766 s
[Scalar L1] Fetch Granularity
[Timing] amd_scalarL1FetchGranularity took 0.0433285 s
[Scalar L1] Size
[Scalar L1 Size] Trying Boundaries: 16128 - 18176
[Scalar L1 Size] Start measuring 9 steps

[Scalar L1 Size] Done.
[Timing] amd_scalarL1CacheSize took 0.01 s
[Scalar L1] Line Size
Final adjusted & sorted ranking (pivots excluded):
  OuterKey 64 -> score 0.00
  OuterKey 96 -> score 161.89
  OuterKey 128 -> score 183303.47
  OuterKey 160 -> score 183303.47
  OuterKey 192 -> score 235142.51
  OuterKey 224 -> score 282171.01
  OuterKey 256 -> score 329199.51
[Timing] amd_scalarL1LineSize took 0.02 s
[Scalar L1] Miss Penalty
[Timing] amd_scalarL1MissPenalty took 0.00 s
[Scalar L1] Read Bandwidth per CU / MultiProcessor with optimal search
[Timing] amd_sL1ReadBandwidth took 0.01 s
[Scalar L1] Write Bandwidth per CU / MultiProcessor with optimal search
[Timing] amd_sL1WriteBandwidth took 0.03 s
[Scalar L1] CU Sharing
[Timing] amd_cuShareScalarL1 took 101.76 s
[Scalar L1] Benchmarks finished

===== Timing Summary =====
  amd_scalarL1Latency: 0.14 s
  amd_scalarL1FetchGranularity: 0.04 s
  amd_scalarL1CacheSize: 0.01 s
  amd_scalarL1LineSize: 0.02 s
  amd_scalarL1MissPenalty: 0.00 s
  amd_sL1ReadBandwidth: 0.01 s
  amd_sL1WriteBandwidth: 0.03 s
  amd_cuShareScalarL1: 101.76 s
  Sum of individual benchmarks: 102.02 s
  Total execution time: 106.35 s (1.77 min)
[Graphs] Generating bandwidth plots
Traceback (most recent call last):
  File "/tmp/mt4gBandwidthwFUEGQ.py", line 582, in <module>
    raise SystemExit(main())
                     ^^^^^^
  File "/tmp/mt4gBandwidthwFUEGQ.py", line 576, in main
    return run_auto(indir, outdir, args.dpi)
           ^^^^^^^^^^^^^^^^^^^^^^^^^^^^^^^^^
  File "/tmp/mt4gBandwidthwFUEGQ.py", line 486, in run_auto
    grid = load_block_sweep(csv)
           ^^^^^^^^^^^^^^^^^^^^^
  File "/tmp/mt4gBandwidthwFUEGQ.py", line 176, in load_block_sweep
    b, t, r, v = line.split(",")
    ^^^^^^^^^^
ValueError: not enough values to unpack (expected 4, got 2)
Bandwidth chart generation failed. Ensure python3 with matplotlib is available.
